Archive member included to satisfy reference by file (symbol)

c:\Users\luan\Documents\Laim_iotsolution\output\core\core.a(startup_stm32yyxx.S.o)
                              (Reset_Handler)
c:\Users\luan\Documents\Laim_iotsolution\output\core\core.a(wiring_digital.c.o)
                              c:\Users\luan\Documents\Laim_iotsolution\output\libraries\SoftwareSerial\SoftwareSerial.cpp.o (pinMode)
c:\Users\luan\Documents\Laim_iotsolution\output\core\core.a(HardwareSerial.cpp.o)
                              c:\Users\luan\Documents\Laim_iotsolution\output\sketch\stm32_dragino.ino.cpp.o (HardwareSerial::available())
c:\Users\luan\Documents\Laim_iotsolution\output\core\core.a(HardwareTimer.cpp.o)
                              c:\Users\luan\Documents\Laim_iotsolution\output\libraries\SoftwareSerial\SoftwareSerial.cpp.o (HardwareTimer::pause())
c:\Users\luan\Documents\Laim_iotsolution\output\core\core.a(Print.cpp.o)
                              c:\Users\luan\Documents\Laim_iotsolution\output\libraries\SoftwareSerial\SoftwareSerial.cpp.o (Print::write(unsigned char const*, unsigned int))
c:\Users\luan\Documents\Laim_iotsolution\output\core\core.a(Stream.cpp.o)
                              c:\Users\luan\Documents\Laim_iotsolution\output\libraries\SoftwareSerial\SoftwareSerial.cpp.o (Stream::readBytes(char*, unsigned int))
c:\Users\luan\Documents\Laim_iotsolution\output\core\core.a(WString.cpp.o)
                              c:\Users\luan\Documents\Laim_iotsolution\output\core\core.a(Stream.cpp.o) (String::String(char const*))
c:\Users\luan\Documents\Laim_iotsolution\output\core\core.a(abi.cpp.o)
                              c:\Users\luan\Documents\Laim_iotsolution\output\core\core.a(Print.cpp.o) (__cxa_pure_virtual)
c:\Users\luan\Documents\Laim_iotsolution\output\core\core.a(main.cpp.o)
                              c:/users/kosde/appdata/local/arduino15/packages/stm32/tools/xpack-arm-none-eabi-gcc/9.2.1-1.1/bin/../lib/gcc/arm-none-eabi/9.2.1/../../../../arm-none-eabi/lib/thumb/v6-m/nofp/crt0.o (main)
c:\Users\luan\Documents\Laim_iotsolution\output\core\core.a(new.cpp.o)
                              c:\Users\luan\Documents\Laim_iotsolution\output\libraries\SrcWrapper\stm32\analog.cpp.o (operator new(unsigned int))
c:\Users\luan\Documents\Laim_iotsolution\output\core\core.a(dtostrf.c.o)
                              c:\Users\luan\Documents\Laim_iotsolution\output\core\core.a(WString.cpp.o) (dtostrf)
c:\Users\luan\Documents\Laim_iotsolution\output\core\core.a(board.c.o)
                              c:\Users\luan\Documents\Laim_iotsolution\output\core\core.a(main.cpp.o) (init)
c:\Users\luan\Documents\Laim_iotsolution\output\core\core.a(itoa.c.o)
                              c:\Users\luan\Documents\Laim_iotsolution\output\core\core.a(WString.cpp.o) (ltoa)
c:\Users\luan\Documents\Laim_iotsolution\output\core\core.a(wiring_analog.c.o)
                              c:\Users\luan\Documents\Laim_iotsolution\output\core\core.a(wiring_digital.c.o) (g_anOutputPinConfigured)
c:\Users\luan\Documents\Laim_iotsolution\output\core\core.a(wiring_time.c.o)
                              c:\Users\luan\Documents\Laim_iotsolution\output\core\core.a(Stream.cpp.o) (millis)
c:\Users\luan\Documents\Laim_iotsolution\output\core\core.a(WSerial.cpp.o)
                              c:\Users\luan\Documents\Laim_iotsolution\output\core\core.a(main.cpp.o) (serialEventRun())
c:\Users\luan\Documents\Laim_iotsolution\output\core\core.a(hooks.c.o)
                              c:\Users\luan\Documents\Laim_iotsolution\output\core\core.a(wiring_time.c.o) (yield)
c:\Users\luan\Documents\Laim_iotsolution\output\core\core.a(pins_arduino.c.o)
                              c:\Users\luan\Documents\Laim_iotsolution\output\core\core.a(wiring_analog.c.o) (analogInputToPinName)
c:/users/kosde/appdata/local/arduino15/packages/stm32/tools/xpack-arm-none-eabi-gcc/9.2.1-1.1/bin/../lib/gcc/arm-none-eabi/9.2.1/../../../../arm-none-eabi/lib/thumb/v6-m/nofp\libc_nano.a(lib_a-atof.o)
                              c:\Users\luan\Documents\Laim_iotsolution\output\core\core.a(WString.cpp.o) (atof)
c:/users/kosde/appdata/local/arduino15/packages/stm32/tools/xpack-arm-none-eabi-gcc/9.2.1-1.1/bin/../lib/gcc/arm-none-eabi/9.2.1/../../../../arm-none-eabi/lib/thumb/v6-m/nofp\libc_nano.a(lib_a-atol.o)
                              c:\Users\luan\Documents\Laim_iotsolution\output\core\core.a(WString.cpp.o) (atol)
c:/users/kosde/appdata/local/arduino15/packages/stm32/tools/xpack-arm-none-eabi-gcc/9.2.1-1.1/bin/../lib/gcc/arm-none-eabi/9.2.1/../../../../arm-none-eabi/lib/thumb/v6-m/nofp\libc_nano.a(lib_a-exit.o)
                              c:/users/kosde/appdata/local/arduino15/packages/stm32/tools/xpack-arm-none-eabi-gcc/9.2.1-1.1/bin/../lib/gcc/arm-none-eabi/9.2.1/../../../../arm-none-eabi/lib/thumb/v6-m/nofp/crt0.o (exit)
[...]
Memory Configuration

Name             Origin             Length             Attributes
*default*        0x00000000         0xffffffff
RAM              0x20000000         0x00005000         xrw
FLASH            0x08000000         0x00030000         xr

Linker script and memory map

LOAD C:\Users\kosde\AppData\Local\Arduino15\packages\STM32\tools\CMSIS\5.5.1/CMSIS/DSP/Lib/GCC/\libarm_cortexM0l_math.a
START GROUP
LOAD c:\Users\luan\Documents\Laim_iotsolution\output\sketch\SrcWrapper.cpp.o
LOAD c:\Users\luan\Documents\Laim_iotsolution\output\sketch\stm32_dragino.ino.cpp.o
LOAD c:\Users\luan\Documents\Laim_iotsolution\output\libraries\SoftwareSerial\SoftwareSerial.cpp.o
LOAD c:\Users\luan\Documents\Laim_iotsolution\output\libraries\SrcWrapper\syscalls.c.o
LOAD c:\Users\luan\Documents\Laim_iotsolution\output\libraries\SrcWrapper\HAL\stm32yyxx_hal.c.o
LOAD c:\Users\luan\Documents\Laim_iotsolution\output\libraries\SrcWrapper\HAL\stm32yyxx_hal_adc.c.o
LOAD c:\Users\luan\Documents\Laim_iotsolution\output\libraries\SrcWrapper\HAL\stm32yyxx_hal_adc_ex.c.o
LOAD c:\Users\luan\Documents\Laim_iotsolution\output\libraries\SrcWrapper\HAL\stm32yyxx_hal_can.c.o
LOAD c:\Users\luan\Documents\Laim_iotsolution\output\libraries\SrcWrapper\HAL\stm32yyxx_hal_cec.c.o
LOAD c:\Users\luan\Documents\Laim_iotsolution\output\libraries\SrcWrapper\HAL\stm32yyxx_hal_comp.c.o
LOAD c:\Users\luan\Documents\Laim_iotsolution\output\libraries\SrcWrapper\HAL\stm32yyxx_hal_comp_ex.c.o
LOAD c:\Users\luan\Documents\Laim_iotsolution\output\libraries\SrcWrapper\HAL\stm32yyxx_hal_cordic.c.o
LOAD c:\Users\luan\Documents\Laim_iotsolution\output\libraries\SrcWrapper\HAL\stm32yyxx_hal_cortex.c.o
LOAD c:\Users\luan\Documents\Laim_iotsolution\output\libraries\SrcWrapper\HAL\stm32yyxx_hal_crc.c.o
LOAD c:\Users\luan\Documents\Laim_iotsolution\output\libraries\SrcWrapper\HAL\stm32yyxx_hal_crc_ex.c.o
LOAD c:\Users\luan\Documents\Laim_iotsolution\output\libraries\SrcWrapper\HAL\stm32yyxx_hal_cryp.c.o
LOAD c:\Users\luan\Documents\Laim_iotsolution\output\libraries\SrcWrapper\HAL\stm32yyxx_hal_cryp_ex.c.o
LOAD c:\Users\luan\Documents\Laim_iotsolution\output\libraries\SrcWrapper\HAL\stm32yyxx_hal_dac.c.o
LOAD c:\Users\luan\Documents\Laim_iotsolution\output\libraries\SrcWrapper\HAL\stm32yyxx_hal_dac_ex.c.o
LOAD c:\Users\luan\Documents\Laim_iotsolution\output\libraries\SrcWrapper\HAL\stm32yyxx_hal_dcmi.c.o
LOAD c:\Users\luan\Documents\Laim_iotsolution\output\libraries\SrcWrapper\HAL\stm32yyxx_hal_dcmi_ex.c.o
LOAD c:\Users\luan\Documents\Laim_iotsolution\output\libraries\SrcWrapper\HAL\stm32yyxx_hal_dfsdm.c.o
LOAD c:\Users\luan\Documents\Laim_iotsolution\output\libraries\SrcWrapper\HAL\stm32yyxx_hal_dfsdm_ex.c.o
LOAD c:\Users\luan\Documents\Laim_iotsolution\output\libraries\SrcWrapper\HAL\stm32yyxx_hal_dma.c.o
LOAD c:\Users\luan\Documents\Laim_iotsolution\output\libraries\SrcWrapper\HAL\stm32yyxx_hal_dma2d.c.o
LOAD c:\Users\luan\Documents\Laim_iotsolution\output\libraries\SrcWrapper\HAL\stm32yyxx_hal_dma_ex.c.o
LOAD c:\Users\luan\Documents\Laim_iotsolution\output\libraries\SrcWrapper\HAL\stm32yyxx_hal_dsi.c.o
LOAD c:\Users\luan\Documents\Laim_iotsolution\output\libraries\SrcWrapper\HAL\stm32yyxx_hal_dts.c.o
LOAD c:\Users\luan\Documents\Laim_iotsolution\output\libraries\SrcWrapper\HAL\stm32yyxx_hal_eth.c.o
LOAD c:\Users\luan\Documents\Laim_iotsolution\output\libraries\SrcWrapper\HAL\stm32yyxx_hal_eth_ex.c.o
LOAD c:\Users\luan\Documents\Laim_iotsolution\output\libraries\SrcWrapper\HAL\stm32yyxx_hal_exti.c.o
LOAD c:\Users\luan\Documents\Laim_iotsolution\output\libraries\SrcWrapper\HAL\stm32yyxx_hal_fdcan.c.o
LOAD c:\Users\luan\Documents\Laim_iotsolution\output\libraries\SrcWrapper\HAL\stm32yyxx_hal_firewall.c.o
LOAD c:\Users\luan\Documents\Laim_iotsolution\output\libraries\SrcWrapper\HAL\stm32yyxx_hal_flash.c.o
LOAD c:\Users\luan\Documents\Laim_iotsolution\output\libraries\SrcWrapper\HAL\stm32yyxx_hal_flash_ex.c.o
LOAD c:\Users\luan\Documents\Laim_iotsolution\output\libraries\SrcWrapper\HAL\stm32yyxx_hal_flash_ramfunc.c.o
LOAD c:\Users\luan\Documents\Laim_iotsolution\output\libraries\SrcWrapper\HAL\stm32yyxx_hal_fmac.c.o
LOAD c:\Users\luan\Documents\Laim_iotsolution\output\libraries\SrcWrapper\HAL\stm32yyxx_hal_fmpi2c.c.o
LOAD c:\Users\luan\Documents\Laim_iotsolution\output\libraries\SrcWrapper\HAL\stm32yyxx_hal_fmpi2c_ex.c.o
LOAD c:\Users\luan\Documents\Laim_iotsolution\output\libraries\SrcWrapper\HAL\stm32yyxx_hal_gfxmmu.c.o
LOAD c:\Users\luan\Documents\Laim_iotsolution\output\libraries\SrcWrapper\HAL\stm32yyxx_hal_gpio.c.o
LOAD c:\Users\luan\Documents\Laim_iotsolution\output\libraries\SrcWrapper\HAL\stm32yyxx_hal_gpio_ex.c.o
LOAD c:\Users\luan\Documents\Laim_iotsolution\output\libraries\SrcWrapper\HAL\stm32yyxx_hal_hash.c.o
LOAD c:\Users\luan\Documents\Laim_iotsolution\output\libraries\SrcWrapper\HAL\stm32yyxx_hal_hash_ex.c.o
LOAD c:\Users\luan\Documents\Laim_iotsolution\output\libraries\SrcWrapper\HAL\stm32yyxx_hal_hcd.c.o
LOAD c:\Users\luan\Documents\Laim_iotsolution\output\libraries\SrcWrapper\HAL\stm32yyxx_hal_hrtim.c.o
LOAD c:\Users\luan\Documents\Laim_iotsolution\output\libraries\SrcWrapper\HAL\stm32yyxx_hal_hsem.c.o
LOAD c:\Users\luan\Documents\Laim_iotsolution\output\libraries\SrcWrapper\HAL\stm32yyxx_hal_i2c.c.o
LOAD c:\Users\luan\Documents\Laim_iotsolution\output\libraries\SrcWrapper\HAL\stm32yyxx_hal_i2c_ex.c.o
LOAD c:\Users\luan\Documents\Laim_iotsolution\output\libraries\SrcWrapper\HAL\stm32yyxx_hal_i2s.c.o
LOAD c:\Users\luan\Documents\Laim_iotsolution\output\libraries\SrcWrapper\HAL\stm32yyxx_hal_i2s_ex.c.o
LOAD c:\Users\luan\Documents\Laim_iotsolution\output\libraries\SrcWrapper\HAL\stm32yyxx_hal_ipcc.c.o
LOAD c:\Users\luan\Documents\Laim_iotsolution\output\libraries\SrcWrapper\HAL\stm32yyxx_hal_irda.c.o
LOAD c:\Users\luan\Documents\Laim_iotsolution\output\libraries\SrcWrapper\HAL\stm32yyxx_hal_iwdg.c.o
LOAD c:\Users\luan\Documents\Laim_iotsolution\output\libraries\SrcWrapper\HAL\stm32yyxx_hal_jpeg.c.o
LOAD c:\Users\luan\Documents\Laim_iotsolution\output\libraries\SrcWrapper\HAL\stm32yyxx_hal_lcd.c.o
LOAD c:\Users\luan\Documents\Laim_iotsolution\output\libraries\SrcWrapper\HAL\stm32yyxx_hal_lptim.c.o
LOAD c:\Users\luan\Documents\Laim_iotsolution\output\libraries\SrcWrapper\HAL\stm32yyxx_hal_ltdc.c.o
LOAD c:\Users\luan\Documents\Laim_iotsolution\output\libraries\SrcWrapper\HAL\stm32yyxx_hal_ltdc_ex.c.o
LOAD c:\Users\luan\Documents\Laim_iotsolution\output\libraries\SrcWrapper\HAL\stm32yyxx_hal_mdios.c.o
LOAD c:\Users\luan\Documents\Laim_iotsolution\output\libraries\SrcWrapper\HAL\stm32yyxx_hal_mdma.c.o
LOAD c:\Users\luan\Documents\Laim_iotsolution\output\libraries\SrcWrapper\HAL\stm32yyxx_hal_mmc.c.o
LOAD c:\Users\luan\Documents\Laim_iotsolution\output\libraries\SrcWrapper\HAL\stm32yyxx_hal_mmc_ex.c.o
LOAD c:\Users\luan\Documents\Laim_iotsolution\output\libraries\SrcWrapper\HAL\stm32yyxx_hal_nand.c.o
LOAD c:\Users\luan\Documents\Laim_iotsolution\output\libraries\SrcWrapper\HAL\stm32yyxx_hal_nor.c.o
LOAD c:\Users\luan\Documents\Laim_iotsolution\output\libraries\SrcWrapper\HAL\stm32yyxx_hal_opamp.c.o
LOAD c:\Users\luan\Documents\Laim_iotsolution\output\libraries\SrcWrapper\HAL\stm32yyxx_hal_opamp_ex.c.o
LOAD c:\Users\luan\Documents\Laim_iotsolution\output\libraries\SrcWrapper\HAL\stm32yyxx_hal_ospi.c.o
LOAD c:\Users\luan\Documents\Laim_iotsolution\output\libraries\SrcWrapper\HAL\stm32yyxx_hal_otfdec.c.o
LOAD c:\Users\luan\Documents\Laim_iotsolution\output\libraries\SrcWrapper\HAL\stm32yyxx_hal_pccard.c.o
LOAD c:\Users\luan\Documents\Laim_iotsolution\output\libraries\SrcWrapper\HAL\stm32yyxx_hal_pcd.c.o
LOAD c:\Users\luan\Documents\Laim_iotsolution\output\libraries\SrcWrapper\HAL\stm32yyxx_hal_pcd_ex.c.o
LOAD c:\Users\luan\Documents\Laim_iotsolution\output\libraries\SrcWrapper\HAL\stm32yyxx_hal_pka.c.o
LOAD c:\Users\luan\Documents\Laim_iotsolution\output\libraries\SrcWrapper\HAL\stm32yyxx_hal_pssi.c.o
LOAD c:\Users\luan\Documents\Laim_iotsolution\output\libraries\SrcWrapper\HAL\stm32yyxx_hal_pwr.c.o
LOAD c:\Users\luan\Documents\Laim_iotsolution\output\libraries\SrcWrapper\HAL\stm32yyxx_hal_pwr_ex.c.o
LOAD c:\Users\luan\Documents\Laim_iotsolution\output\libraries\SrcWrapper\HAL\stm32yyxx_hal_qspi.c.o
LOAD c:\Users\luan\Documents\Laim_iotsolution\output\libraries\SrcWrapper\HAL\stm32yyxx_hal_ramecc.c.o
LOAD c:\Users\luan\Documents\Laim_iotsolution\output\libraries\SrcWrapper\HAL\stm32yyxx_hal_rcc.c.o
LOAD c:\Users\luan\Documents\Laim_iotsolution\output\libraries\SrcWrapper\HAL\stm32yyxx_hal_rcc_ex.c.o
LOAD c:\Users\luan\Documents\Laim_iotsolution\output\libraries\SrcWrapper\HAL\stm32yyxx_hal_rng.c.o
LOAD c:\Users\luan\Documents\Laim_iotsolution\output\libraries\SrcWrapper\HAL\stm32yyxx_hal_rng_ex.c.o
LOAD c:\Users\luan\Documents\Laim_iotsolution\output\libraries\SrcWrapper\HAL\stm32yyxx_hal_rtc.c.o
LOAD c:\Users\luan\Documents\Laim_iotsolution\output\libraries\SrcWrapper\HAL\stm32yyxx_hal_rtc_ex.c.o
LOAD c:\Users\luan\Documents\Laim_iotsolution\output\libraries\SrcWrapper\HAL\stm32yyxx_hal_sai.c.o
LOAD c:\Users\luan\Documents\Laim_iotsolution\output\libraries\SrcWrapper\HAL\stm32yyxx_hal_sai_ex.c.o
LOAD c:\Users\luan\Documents\Laim_iotsolution\output\libraries\SrcWrapper\HAL\stm32yyxx_hal_sd.c.o
LOAD c:\Users\luan\Documents\Laim_iotsolution\output\libraries\SrcWrapper\HAL\stm32yyxx_hal_sd_ex.c.o
LOAD c:\Users\luan\Documents\Laim_iotsolution\output\libraries\SrcWrapper\HAL\stm32yyxx_hal_sdadc.c.o
LOAD c:\Users\luan\Documents\Laim_iotsolution\output\libraries\SrcWrapper\HAL\stm32yyxx_hal_sdram.c.o
LOAD c:\Users\luan\Documents\Laim_iotsolution\output\libraries\SrcWrapper\HAL\stm32yyxx_hal_smartcard.c.o
LOAD c:\Users\luan\Documents\Laim_iotsolution\output\libraries\SrcWrapper\HAL\stm32yyxx_hal_smartcard_ex.c.o
LOAD c:\Users\luan\Documents\Laim_iotsolution\output\libraries\SrcWrapper\HAL\stm32yyxx_hal_smbus.c.o
LOAD c:\Users\luan\Documents\Laim_iotsolution\output\libraries\SrcWrapper\HAL\stm32yyxx_hal_spdifrx.c.o
LOAD c:\Users\luan\Documents\Laim_iotsolution\output\libraries\SrcWrapper\HAL\stm32yyxx_hal_spi.c.o
LOAD c:\Users\luan\Documents\Laim_iotsolution\output\libraries\SrcWrapper\HAL\stm32yyxx_hal_spi_ex.c.o
LOAD c:\Users\luan\Documents\Laim_iotsolution\output\libraries\SrcWrapper\HAL\stm32yyxx_hal_sram.c.o
LOAD c:\Users\luan\Documents\Laim_iotsolution\output\libraries\SrcWrapper\HAL\stm32yyxx_hal_swpmi.c.o
LOAD c:\Users\luan\Documents\Laim_iotsolution\output\libraries\SrcWrapper\HAL\stm32yyxx_hal_tim.c.o
LOAD c:\Users\luan\Documents\Laim_iotsolution\output\libraries\SrcWrapper\HAL\stm32yyxx_hal_tim_ex.c.o
LOAD c:\Users\luan\Documents\Laim_iotsolution\output\libraries\SrcWrapper\HAL\stm32yyxx_hal_tsc.c.o
LOAD c:\Users\luan\Documents\Laim_iotsolution\output\libraries\SrcWrapper\HAL\stm32yyxx_hal_uart.c.o
LOAD c:\Users\luan\Documents\Laim_iotsolution\output\libraries\SrcWrapper\HAL\stm32yyxx_hal_uart_ex.c.o
LOAD c:\Users\luan\Documents\Laim_iotsolution\output\libraries\SrcWrapper\HAL\stm32yyxx_hal_usart.c.o
LOAD c:\Users\luan\Documents\Laim_iotsolution\output\libraries\SrcWrapper\HAL\stm32yyxx_hal_usart_ex.c.o
LOAD c:\Users\luan\Documents\Laim_iotsolution\output\libraries\SrcWrapper\HAL\stm32yyxx_hal_wwdg.c.o
LOAD c:\Users\luan\Documents\Laim_iotsolution\output\libraries\SrcWrapper\LL\stm32yyxx_ll_adc.c.o
LOAD c:\Users\luan\Documents\Laim_iotsolution\output\libraries\SrcWrapper\LL\stm32yyxx_ll_bdma.c.o
LOAD c:\Users\luan\Documents\Laim_iotsolution\output\libraries\SrcWrapper\LL\stm32yyxx_ll_comp.c.o
LOAD c:\Users\luan\Documents\Laim_iotsolution\output\libraries\SrcWrapper\LL\stm32yyxx_ll_cordic.c.o
LOAD c:\Users\luan\Documents\Laim_iotsolution\output\libraries\SrcWrapper\LL\stm32yyxx_ll_crc.c.o
LOAD c:\Users\luan\Documents\Laim_iotsolution\output\libraries\SrcWrapper\LL\stm32yyxx_ll_crs.c.o
LOAD c:\Users\luan\Documents\Laim_iotsolution\output\libraries\SrcWrapper\LL\stm32yyxx_ll_dac.c.o
LOAD c:\Users\luan\Documents\Laim_iotsolution\output\libraries\SrcWrapper\LL\stm32yyxx_ll_delayblock.c.o
LOAD c:\Users\luan\Documents\Laim_iotsolution\output\libraries\SrcWrapper\LL\stm32yyxx_ll_dma.c.o
LOAD c:\Users\luan\Documents\Laim_iotsolution\output\libraries\SrcWrapper\LL\stm32yyxx_ll_dma2d.c.o
LOAD c:\Users\luan\Documents\Laim_iotsolution\output\libraries\SrcWrapper\LL\stm32yyxx_ll_exti.c.o
LOAD c:\Users\luan\Documents\Laim_iotsolution\output\libraries\SrcWrapper\LL\stm32yyxx_ll_fmac.c.o
LOAD c:\Users\luan\Documents\Laim_iotsolution\output\libraries\SrcWrapper\LL\stm32yyxx_ll_fmc.c.o
LOAD c:\Users\luan\Documents\Laim_iotsolution\output\libraries\SrcWrapper\LL\stm32yyxx_ll_fsmc.c.o
LOAD c:\Users\luan\Documents\Laim_iotsolution\output\libraries\SrcWrapper\LL\stm32yyxx_ll_gpio.c.o
LOAD c:\Users\luan\Documents\Laim_iotsolution\output\libraries\SrcWrapper\LL\stm32yyxx_ll_hrtim.c.o
LOAD c:\Users\luan\Documents\Laim_iotsolution\output\libraries\SrcWrapper\LL\stm32yyxx_ll_i2c.c.o
LOAD c:\Users\luan\Documents\Laim_iotsolution\output\libraries\SrcWrapper\LL\stm32yyxx_ll_lptim.c.o
LOAD c:\Users\luan\Documents\Laim_iotsolution\output\libraries\SrcWrapper\LL\stm32yyxx_ll_lpuart.c.o
LOAD c:\Users\luan\Documents\Laim_iotsolution\output\libraries\SrcWrapper\LL\stm32yyxx_ll_mdma.c.o
LOAD c:\Users\luan\Documents\Laim_iotsolution\output\libraries\SrcWrapper\LL\stm32yyxx_ll_opamp.c.o
LOAD c:\Users\luan\Documents\Laim_iotsolution\output\libraries\SrcWrapper\LL\stm32yyxx_ll_pka.c.o
LOAD c:\Users\luan\Documents\Laim_iotsolution\output\libraries\SrcWrapper\LL\stm32yyxx_ll_pwr.c.o
LOAD c:\Users\luan\Documents\Laim_iotsolution\output\libraries\SrcWrapper\LL\stm32yyxx_ll_rcc.c.o
LOAD c:\Users\luan\Documents\Laim_iotsolution\output\libraries\SrcWrapper\LL\stm32yyxx_ll_rng.c.o
LOAD c:\Users\luan\Documents\Laim_iotsolution\output\libraries\SrcWrapper\LL\stm32yyxx_ll_rtc.c.o
LOAD c:\Users\luan\Documents\Laim_iotsolution\output\libraries\SrcWrapper\LL\stm32yyxx_ll_sdmmc.c.o
LOAD c:\Users\luan\Documents\Laim_iotsolution\output\libraries\SrcWrapper\LL\stm32yyxx_ll_spi.c.o
LOAD c:\Users\luan\Documents\Laim_iotsolution\output\libraries\SrcWrapper\LL\stm32yyxx_ll_swpmi.c.o
LOAD c:\Users\luan\Documents\Laim_iotsolution\output\libraries\SrcWrapper\LL\stm32yyxx_ll_tim.c.o
LOAD c:\Users\luan\Documents\Laim_iotsolution\output\libraries\SrcWrapper\LL\stm32yyxx_ll_ucpd.c.o
LOAD c:\Users\luan\Documents\Laim_iotsolution\output\libraries\SrcWrapper\LL\stm32yyxx_ll_usart.c.o
LOAD c:\Users\luan\Documents\Laim_iotsolution\output\libraries\SrcWrapper\LL\stm32yyxx_ll_usb.c.o
LOAD c:\Users\luan\Documents\Laim_iotsolution\output\libraries\SrcWrapper\LL\stm32yyxx_ll_utils.c.o
LOAD c:\Users\luan\Documents\Laim_iotsolution\output\libraries\SrcWrapper\stm32\PortNames.c.o
LOAD c:\Users\luan\Documents\Laim_iotsolution\output\libraries\SrcWrapper\stm32\bootloader.c.o
LOAD c:\Users\luan\Documents\Laim_iotsolution\output\libraries\SrcWrapper\stm32\clock.c.o
LOAD c:\Users\luan\Documents\Laim_iotsolution\output\libraries\SrcWrapper\stm32\core_callback.c.o
LOAD c:\Users\luan\Documents\Laim_iotsolution\output\libraries\SrcWrapper\stm32\dwt.c.o
LOAD c:\Users\luan\Documents\Laim_iotsolution\output\libraries\SrcWrapper\stm32\hw_config.c.o
LOAD c:\Users\luan\Documents\Laim_iotsolution\output\libraries\SrcWrapper\stm32\lock_resource.c.o
LOAD c:\Users\luan\Documents\Laim_iotsolution\output\libraries\SrcWrapper\stm32\low_power.c.o
LOAD c:\Users\luan\Documents\Laim_iotsolution\output\libraries\SrcWrapper\stm32\pinmap.c.o
LOAD c:\Users\luan\Documents\Laim_iotsolution\output\libraries\SrcWrapper\stm32\rtc.c.o
LOAD c:\Users\luan\Documents\Laim_iotsolution\output\libraries\SrcWrapper\stm32\stm32_def.c.o
LOAD c:\Users\luan\Documents\Laim_iotsolution\output\libraries\SrcWrapper\stm32\stm32_eeprom.c.o
LOAD c:\Users\luan\Documents\Laim_iotsolution\output\libraries\SrcWrapper\stm32\system_stm32yyxx.c.o
LOAD c:\Users\luan\Documents\Laim_iotsolution\output\libraries\SrcWrapper\stm32\timer.c.o
LOAD c:\Users\luan\Documents\Laim_iotsolution\output\libraries\SrcWrapper\stm32\uart.c.o
LOAD c:\Users\luan\Documents\Laim_iotsolution\output\libraries\SrcWrapper\stm32\analog.cpp.o
LOAD c:\Users\luan\Documents\Laim_iotsolution\output\libraries\SrcWrapper\stm32\interrupt.cpp.o
LOAD c:\Users\luan\Documents\Laim_iotsolution\output\core\PeripheralPins.c.o
LOAD c:\Users\luan\Documents\Laim_iotsolution\output\core\variant.cpp.o
LOAD c:\Users\luan\Documents\Laim_iotsolution\output\core\core.a
LOAD c:/users/kosde/appdata/local/arduino15/packages/stm32/tools/xpack-arm-none-eabi-gcc/9.2.1-1.1/bin/../lib/gcc/arm-none-eabi/9.2.1/../../../../arm-none-eabi/lib/thumb/v6-m/nofp\libc_nano.a
END GROUP
LOAD c:/users/kosde/appdata/local/arduino15/packages/stm32/tools/xpack-arm-none-eabi-gcc/9.2.1-1.1/bin/../lib/gcc/arm-none-eabi/9.2.1/../../../../arm-none-eabi/lib/thumb/v6-m/nofp\libm.a
LOAD c:/users/kosde/appdata/local/arduino15/packages/stm32/tools/xpack-arm-none-eabi-gcc/9.2.1-1.1/bin/../lib/gcc/arm-none-eabi/9.2.1/thumb/v6-m/nofp\libgcc.a
LOAD c:/users/kosde/appdata/local/arduino15/packages/stm32/tools/xpack-arm-none-eabi-gcc/9.2.1-1.1/bin/../lib/gcc/arm-none-eabi/9.2.1/../../../../arm-none-eabi/lib/thumb/v6-m/nofp\libstdc++_nano.a
START GROUP
LOAD c:/users/kosde/appdata/local/arduino15/packages/stm32/tools/xpack-arm-none-eabi-gcc/9.2.1-1.1/bin/../lib/gcc/arm-none-eabi/9.2.1/thumb/v6-m/nofp\libgcc.a
LOAD c:/users/kosde/appdata/local/arduino15/packages/stm32/tools/xpack-arm-none-eabi-gcc/9.2.1-1.1/bin/../lib/gcc/arm-none-eabi/9.2.1/../../../../arm-none-eabi/lib/thumb/v6-m/nofp\libc_nano.a
END GROUP
START GROUP
LOAD c:/users/kosde/appdata/local/arduino15/packages/stm32/tools/xpack-arm-none-eabi-gcc/9.2.1-1.1/bin/../lib/gcc/arm-none-eabi/9.2.1/thumb/v6-m/nofp\libgcc.a
LOAD c:/users/kosde/appdata/local/arduino15/packages/stm32/tools/xpack-arm-none-eabi-gcc/9.2.1-1.1/bin/../lib/gcc/arm-none-eabi/9.2.1/../../../../arm-none-eabi/lib/thumb/v6-m/nofp\libc_nano.a
END GROUP
LOAD c:/users/kosde/appdata/local/arduino15/packages/stm32/tools/xpack-arm-none-eabi-gcc/9.2.1-1.1/bin/../lib/gcc/arm-none-eabi/9.2.1/thumb/v6-m/nofp/crtend.o
LOAD c:/users/kosde/appdata/local/arduino15/packages/stm32/tools/xpack-arm-none-eabi-gcc/9.2.1-1.1/bin/../lib/gcc/arm-none-eabi/9.2.1/thumb/v6-m/nofp/crtn.o
                0x20005000                _estack = 0x20005000
                0x00000200                _Min_Heap_Size = 0x200
                0x00000400                _Min_Stack_Size = 0x400

.isr_vector     0x08000000       0xc0
                0x08000000                . = ALIGN (0x4)
 *(.isr_vector)
 .isr_vector    0x08000000       0xc0 c:\Users\luan\Documents\Laim_iotsolution\output\core\core.a(startup_stm32yyxx.S.o)
                0x08000000                g_pfnVectors
                0x080000c0                . = ALIGN (0x4)

.text           0x080000c0     0x3d44
                0x080000c0                . = ALIGN (0x4)
 *(.text)
 .text          0x080000c0        0xe c:/users/kosde/appdata/local/arduino15/packages/stm32/tools/xpack-arm-none-eabi-gcc/9.2.1-1.1/bin/../lib/gcc/arm-none-eabi/9.2.1/../../../../arm-none-eabi/lib/thumb/v6-m/nofp\libc_nano.a(lib_a-strlen.o)
                0x080000c0                strlen
 *fill*         0x080000ce        0x2 
 .text          0x080000d0       0x14 c:/users/kosde/appdata/local/arduino15/packages/stm32/tools/xpack-arm-none-eabi-gcc/9.2.1-1.1/bin/../lib/gcc/arm-none-eabi/9.2.1/thumb/v6-m/nofp\libgcc.a(_thumb1_case_uqi.o)
                0x080000d0                __gnu_thumb1_case_uqi
 .text          0x080000e4       0x14 c:/users/kosde/appdata/local/arduino15/packages/stm32/tools/xpack-arm-none-eabi-gcc/9.2.1-1.1/bin/../lib/gcc/arm-none-eabi/9.2.1/thumb/v6-m/nofp\libgcc.a(_thumb1_case_shi.o)
                0x080000e4                __gnu_thumb1_case_shi
 .text          0x080000f8      0x114 c:/users/kosde/appdata/local/arduino15/packages/stm32/tools/xpack-arm-none-eabi-gcc/9.2.1-1.1/bin/../lib/gcc/arm-none-eabi/9.2.1/thumb/v6-m/nofp\libgcc.a(_udivsi3.o)
                0x080000f8                __aeabi_uidiv
                0x080000f8                __udivsi3
                0x08000204                __aeabi_uidivmod
 .text          0x0800020c        0x4 c:/users/kosde/appdata/local/arduino15/packages/stm32/tools/xpack-arm-none-eabi-gcc/9.2.1-1.1/bin/../lib/gcc/arm-none-eabi/9.2.1/thumb/v6-m/nofp\libgcc.a(_dvmd_tls.o)
                0x0800020c                __aeabi_idiv0
                0x0800020c                __aeabi_ldiv0
 .text          0x08000210       0x40 c:/users/kosde/appdata/local/arduino15/packages/stm32/tools/xpack-arm-none-eabi-gcc/9.2.1-1.1/bin/../lib/gcc/arm-none-eabi/9.2.1/thumb/v6-m/nofp\libgcc.a(_aeabi_uldivmod.o)
                0x08000210                __aeabi_uldivmod
 .text          0x08000250       0x3c c:/users/kosde/appdata/local/arduino15/packages/stm32/tools/xpack-arm-none-eabi-gcc/9.2.1-1.1/bin/../lib/gcc/arm-none-eabi/9.2.1/thumb/v6-m/nofp\libgcc.a(_clzsi2.o)
                0x08000250                __clzsi2
 .text          0x0800028c       0x18 c:/users/kosde/appdata/local/arduino15/packages/stm32/tools/xpack-arm-none-eabi-gcc/9.2.1-1.1/bin/../lib/gcc/arm-none-eabi/9.2.1/thumb/v6-m/nofp\libgcc.a(_clzdi2.o)
                0x0800028c                __clzdi2
 *(.text*)
 .text.__do_global_dtors_aux
                0x080002a4       0x28 c:/users/kosde/appdata/local/arduino15/packages/stm32/tools/xpack-arm-none-eabi-gcc/9.2.1-1.1/bin/../lib/gcc/arm-none-eabi/9.2.1/thumb/v6-m/nofp/crtbegin.o
 .text.frame_dummy
                0x080002cc       0x20 c:/users/kosde/appdata/local/arduino15/packages/stm32/tools/xpack-arm-none-eabi-gcc/9.2.1-1.1/bin/../lib/gcc/arm-none-eabi/9.2.1/thumb/v6-m/nofp/crtbegin.o
 .text.setup    0x080002ec       0x40 c:\Users\luan\Documents\Laim_iotsolution\output\sketch\stm32_dragino.ino.cpp.o
                0x080002ec                setup
 .text.startup._GLOBAL__sub_I_mySerial
                0x0800032c       0x14 c:\Users\luan\Documents\Laim_iotsolution\output\sketch\stm32_dragino.ino.cpp.o
 .text.exit._GLOBAL__sub_D_mySerial
                0x08000340       0x10 c:\Users\luan\Documents\Laim_iotsolution\output\sketch\stm32_dragino.ino.cpp.o
 .text.loop     0x08000350       0x40 c:\Users\luan\Documents\Laim_iotsolution\output\sketch\stm32_dragino.ino.cpp.o
                0x08000350                loop
 .text._ZN14SoftwareSerial4readEv
                0x08000390       0x2a c:\Users\luan\Documents\Laim_iotsolution\output\libraries\SoftwareSerial\SoftwareSerial.cpp.o
                0x08000390                SoftwareSerial::read()
 *fill*         0x080003ba        0x2 
 .text._ZN14SoftwareSerial9availableEv
                0x080003bc       0x24 c:\Users\luan\Documents\Laim_iotsolution\output\libraries\SoftwareSerial\SoftwareSerial.cpp.o
                0x080003bc                SoftwareSerial::available()
 .text._ZN14SoftwareSerial5flushEv
                0x080003e0       0x12 c:\Users\luan\Documents\Laim_iotsolution\output\libraries\SoftwareSerial\SoftwareSerial.cpp.o
                0x080003e0                SoftwareSerial::flush()
 .text._ZN14SoftwareSerial4peekEv
                0x080003f2       0x20 c:\Users\luan\Documents\Laim_iotsolution\output\libraries\SoftwareSerial\SoftwareSerial.cpp.o
                0x080003f2                SoftwareSerial::peek()
 .text._ZNSt17_Function_handlerIFvvEPS0_E9_M_invokeERKSt9_Any_data
                0x08000412        0x8 c:\Users\luan\Documents\Laim_iotsolution\output\libraries\SoftwareSerial\SoftwareSerial.cpp.o
                0x08000412                std::_Function_handler<void (), void (*)()>::_M_invoke(std::_Any_data const&)
 .text._ZNSt14_Function_base13_Base_managerIPFvvEE10_M_managerERSt9_Any_dataRKS4_St18_Manager_operation
                0x0800041a       0x16 c:\Users\luan\Documents\Laim_iotsolution\output\libraries\SoftwareSerial\SoftwareSerial.cpp.o
                0x0800041a                std::_Function_base::_Base_manager<void (*)()>::_M_manager(std::_Any_data&, std::_Any_data const&, std::_Manager_operation)
 .text._ZN14SoftwareSerial8setSpeedEm
                0x08000430       0xac c:\Users\luan\Documents\Laim_iotsolution\output\libraries\SoftwareSerial\SoftwareSerial.cpp.o
                0x08000430                SoftwareSerial::setSpeed(unsigned long)
 .text._ZN14SoftwareSerial5setTXEv
                0x080004dc       0x20 c:\Users\luan\Documents\Laim_iotsolution\output\libraries\SoftwareSerial\SoftwareSerial.cpp.o
                0x080004dc                SoftwareSerial::setTX()
 .text._ZN14SoftwareSerial5setRXEv
                0x080004fc       0x16 c:\Users\luan\Documents\Laim_iotsolution\output\libraries\SoftwareSerial\SoftwareSerial.cpp.o
                0x080004fc                SoftwareSerial::setRX()
 *fill*         0x08000512        0x2 
 .text._ZN14SoftwareSerial7setRXTXEb
                0x08000514       0x4c c:\Users\luan\Documents\Laim_iotsolution\output\libraries\SoftwareSerial\SoftwareSerial.cpp.o
                0x08000514                SoftwareSerial::setRXTX(bool)
 .text._ZN14SoftwareSerial13stopListeningEv
                0x08000560       0x44 c:\Users\luan\Documents\Laim_iotsolution\output\libraries\SoftwareSerial\SoftwareSerial.cpp.o
                0x08000560                SoftwareSerial::stopListening()
 .text._ZN14SoftwareSerialD2Ev
                0x080005a4       0x18 c:\Users\luan\Documents\Laim_iotsolution\output\libraries\SoftwareSerial\SoftwareSerial.cpp.o
                0x080005a4                SoftwareSerial::~SoftwareSerial()
                0x080005a4                SoftwareSerial::~SoftwareSerial()
 .text._ZN14SoftwareSerialD0Ev
                0x080005bc       0x14 c:\Users\luan\Documents\Laim_iotsolution\output\libraries\SoftwareSerial\SoftwareSerial.cpp.o
                0x080005bc                SoftwareSerial::~SoftwareSerial()
 .text._ZN14SoftwareSerial6listenEv
                0x080005d0       0x58 c:\Users\luan\Documents\Laim_iotsolution\output\libraries\SoftwareSerial\SoftwareSerial.cpp.o
                0x080005d0                SoftwareSerial::listen()
 .text._ZN14SoftwareSerial5writeEh
                0x08000628       0x70 c:\Users\luan\Documents\Laim_iotsolution\output\libraries\SoftwareSerial\SoftwareSerial.cpp.o
                0x08000628                SoftwareSerial::write(unsigned char)
 .text._ZN14SoftwareSerial4sendEv
                0x08000698       0x78 c:\Users\luan\Documents\Laim_iotsolution\output\libraries\SoftwareSerial\SoftwareSerial.cpp.o
                0x08000698                SoftwareSerial::send()
 .text._ZN14SoftwareSerial4recvEv
                0x08000710       0xac c:\Users\luan\Documents\Laim_iotsolution\output\libraries\SoftwareSerial\SoftwareSerial.cpp.o
                0x08000710                SoftwareSerial::recv()
 .text._ZN14SoftwareSerial15handleInterruptEv
                0x080007bc       0x28 c:\Users\luan\Documents\Laim_iotsolution\output\libraries\SoftwareSerial\SoftwareSerial.cpp.o
                0x080007bc                SoftwareSerial::handleInterrupt()
 .text._ZN14SoftwareSerialC2Ettb
                0x080007e4      0x194 c:\Users\luan\Documents\Laim_iotsolution\output\libraries\SoftwareSerial\SoftwareSerial.cpp.o
                0x080007e4                SoftwareSerial::SoftwareSerial(unsigned short, unsigned short, bool)
                0x080007e4                SoftwareSerial::SoftwareSerial(unsigned short, unsigned short, bool)
 .text._ZN14SoftwareSerial5beginEl
                0x08000978       0x28 c:\Users\luan\Documents\Laim_iotsolution\output\libraries\SoftwareSerial\SoftwareSerial.cpp.o
                0x08000978                SoftwareSerial::begin(long)
 .text.startup._GLOBAL__sub_I__ZN14SoftwareSerial5timerE
                0x080009a0       0x14 c:\Users\luan\Documents\Laim_iotsolution\output\libraries\SoftwareSerial\SoftwareSerial.cpp.o
 .text.exit._GLOBAL__sub_D__ZN14SoftwareSerial5timerE
                0x080009b4       0x10 c:\Users\luan\Documents\Laim_iotsolution\output\libraries\SoftwareSerial\SoftwareSerial.cpp.o
 .text._sbrk    0x080009c4       0x3c c:\Users\luan\Documents\Laim_iotsolution\output\libraries\SrcWrapper\syscalls.c.o
                0x080009c4                _sbrk
 .text._exit    0x08000a00        0x2 c:\Users\luan\Documents\Laim_iotsolution\output\libraries\SrcWrapper\syscalls.c.o
                0x08000a00                _exit
 *fill*         0x08000a02        0x2 
 .text._kill    0x08000a04       0x10 c:\Users\luan\Documents\Laim_iotsolution\output\libraries\SrcWrapper\syscalls.c.o
                0x08000a04                _kill
 .text._getpid  0x08000a14        0x4 c:\Users\luan\Documents\Laim_iotsolution\output\libraries\SrcWrapper\syscalls.c.o
                0x08000a14                _getpid
 .text.HAL_MspInit
                0x08000a18        0x2 c:\Users\luan\Documents\Laim_iotsolution\output\libraries\SrcWrapper\HAL\stm32yyxx_hal.c.o
                0x08000a18                HAL_MspInit
 *fill*         0x08000a1a        0x2 
 .text.HAL_InitTick
                0x08000a1c       0x30 c:\Users\luan\Documents\Laim_iotsolution\output\libraries\SrcWrapper\HAL\stm32yyxx_hal.c.o
                0x08000a1c                HAL_InitTick
 .text.HAL_Init
                0x08000a4c       0x28 c:\Users\luan\Documents\Laim_iotsolution\output\libraries\SrcWrapper\HAL\stm32yyxx_hal.c.o
                0x08000a4c                HAL_Init
 .text.HAL_IncTick
                0x08000a74       0x10 c:\Users\luan\Documents\Laim_iotsolution\output\libraries\SrcWrapper\HAL\stm32yyxx_hal.c.o
                0x08000a74                HAL_IncTick
 .text.HAL_GetTick
                0x08000a84        0xc c:\Users\luan\Documents\Laim_iotsolution\output\libraries\SrcWrapper\HAL\stm32yyxx_hal.c.o
                0x08000a84                HAL_GetTick
 .text.HAL_NVIC_SetPriority
                0x08000a90       0x54 c:\Users\luan\Documents\Laim_iotsolution\output\libraries\SrcWrapper\HAL\stm32yyxx_hal_cortex.c.o
                0x08000a90                HAL_NVIC_SetPriority
 .text.HAL_NVIC_EnableIRQ
                0x08000ae4       0x18 c:\Users\luan\Documents\Laim_iotsolution\output\libraries\SrcWrapper\HAL\stm32yyxx_hal_cortex.c.o
                0x08000ae4                HAL_NVIC_EnableIRQ
 .text.HAL_NVIC_DisableIRQ
                0x08000afc       0x20 c:\Users\luan\Documents\Laim_iotsolution\output\libraries\SrcWrapper\HAL\stm32yyxx_hal_cortex.c.o
                0x08000afc                HAL_NVIC_DisableIRQ
 .text.HAL_SYSTICK_Config
                0x08000b1c       0x34 c:\Users\luan\Documents\Laim_iotsolution\output\libraries\SrcWrapper\HAL\stm32yyxx_hal_cortex.c.o
                0x08000b1c                HAL_SYSTICK_Config
 .text.HAL_NVIC_ClearPendingIRQ
                0x08000b50       0x1c c:\Users\luan\Documents\Laim_iotsolution\output\libraries\SrcWrapper\HAL\stm32yyxx_hal_cortex.c.o
                0x08000b50                HAL_NVIC_ClearPendingIRQ
 .text.HAL_SYSTICK_Callback
                0x08000b6c        0x2 c:\Users\luan\Documents\Laim_iotsolution\output\libraries\SrcWrapper\HAL\stm32yyxx_hal_cortex.c.o
                0x08000b6c                HAL_SYSTICK_Callback
 .text.HAL_SYSTICK_IRQHandler
                0x08000b6e        0x8 c:\Users\luan\Documents\Laim_iotsolution\output\libraries\SrcWrapper\HAL\stm32yyxx_hal_cortex.c.o
                0x08000b6e                HAL_SYSTICK_IRQHandler
 .text.HAL_DAC_DeInit
                0x08000b76       0x1e c:\Users\luan\Documents\Laim_iotsolution\output\libraries\SrcWrapper\HAL\stm32yyxx_hal_dac.c.o
                0x08000b76                HAL_DAC_DeInit
 .text.HAL_DAC_Stop
                0x08000b94       0x16 c:\Users\luan\Documents\Laim_iotsolution\output\libraries\SrcWrapper\HAL\stm32yyxx_hal_dac.c.o
                0x08000b94                HAL_DAC_Stop
 .text.HAL_DMA_Abort_IT
                0x08000baa       0x4a c:\Users\luan\Documents\Laim_iotsolution\output\libraries\SrcWrapper\HAL\stm32yyxx_hal_dma.c.o
                0x08000baa                HAL_DMA_Abort_IT
 .text.HAL_GPIO_EXTI_IRQHandler
                0x08000bf4       0x18 c:\Users\luan\Documents\Laim_iotsolution\output\libraries\SrcWrapper\HAL\stm32yyxx_hal_gpio.c.o
                0x08000bf4                HAL_GPIO_EXTI_IRQHandler
 .text.HAL_PWR_EnableBkUpAccess
                0x08000c0c       0x14 c:\Users\luan\Documents\Laim_iotsolution\output\libraries\SrcWrapper\HAL\stm32yyxx_hal_pwr.c.o
                0x08000c0c                HAL_PWR_EnableBkUpAccess
 .text.HAL_RCC_GetSysClockFreq
                0x08000c20       0x80 c:\Users\luan\Documents\Laim_iotsolution\output\libraries\SrcWrapper\HAL\stm32yyxx_hal_rcc.c.o
                0x08000c20                HAL_RCC_GetSysClockFreq
 .text.HAL_RCC_OscConfig
                0x08000ca0      0x510 c:\Users\luan\Documents\Laim_iotsolution\output\libraries\SrcWrapper\HAL\stm32yyxx_hal_rcc.c.o
                0x08000ca0                HAL_RCC_OscConfig
 .text.HAL_RCC_ClockConfig
                0x080011b0      0x170 c:\Users\luan\Documents\Laim_iotsolution\output\libraries\SrcWrapper\HAL\stm32yyxx_hal_rcc.c.o
                0x080011b0                HAL_RCC_ClockConfig
 .text.HAL_RCC_GetPCLK1Freq
                0x08001320       0x20 c:\Users\luan\Documents\Laim_iotsolution\output\libraries\SrcWrapper\HAL\stm32yyxx_hal_rcc.c.o
                0x08001320                HAL_RCC_GetPCLK1Freq
 .text.HAL_RCC_GetPCLK2Freq
                0x08001340       0x20 c:\Users\luan\Documents\Laim_iotsolution\output\libraries\SrcWrapper\HAL\stm32yyxx_hal_rcc.c.o
                0x08001340                HAL_RCC_GetPCLK2Freq
 .text.HAL_RCC_GetClockConfig
                0x08001360       0x40 c:\Users\luan\Documents\Laim_iotsolution\output\libraries\SrcWrapper\HAL\stm32yyxx_hal_rcc.c.o
                0x08001360                HAL_RCC_GetClockConfig
 .text.HAL_RCCEx_PeriphCLKConfig
                0x080013a0      0x1d4 c:\Users\luan\Documents\Laim_iotsolution\output\libraries\SrcWrapper\HAL\stm32yyxx_hal_rcc_ex.c.o
                0x080013a0                HAL_RCCEx_PeriphCLKConfig
 .text.HAL_RTC_AlarmIRQHandler
                0x08001574       0x60 c:\Users\luan\Documents\Laim_iotsolution\output\libraries\SrcWrapper\HAL\stm32yyxx_hal_rtc.c.o
                0x08001574                HAL_RTC_AlarmIRQHandler
 .text.HAL_RTCEx_AlarmBEventCallback
                0x080015d4        0x2 c:\Users\luan\Documents\Laim_iotsolution\output\libraries\SrcWrapper\HAL\stm32yyxx_hal_rtc_ex.c.o
                0x080015d4                HAL_RTCEx_AlarmBEventCallback
 *fill*         0x080015d6        0x2 
 .text.TIM_Base_SetConfig
                0x080015d8       0x70 c:\Users\luan\Documents\Laim_iotsolution\output\libraries\SrcWrapper\HAL\stm32yyxx_hal_tim.c.o
 .text.TIM_CCxChannelCmd
                0x08001648       0x1a c:\Users\luan\Documents\Laim_iotsolution\output\libraries\SrcWrapper\HAL\stm32yyxx_hal_tim.c.o
 .text.HAL_TIM_Base_Init
                0x08001662       0x36 c:\Users\luan\Documents\Laim_iotsolution\output\libraries\SrcWrapper\HAL\stm32yyxx_hal_tim.c.o
                0x08001662                HAL_TIM_Base_Init
 .text.HAL_TIM_Base_Start
                0x08001698       0x24 c:\Users\luan\Documents\Laim_iotsolution\output\libraries\SrcWrapper\HAL\stm32yyxx_hal_tim.c.o
                0x08001698                HAL_TIM_Base_Start
 .text.HAL_TIM_OC_Start
                0x080016bc       0x24 c:\Users\luan\Documents\Laim_iotsolution\output\libraries\SrcWrapper\HAL\stm32yyxx_hal_tim.c.o
                0x080016bc                HAL_TIM_OC_Start
 .text.HAL_TIM_PWM_Start
                0x080016e0        0x8 c:\Users\luan\Documents\Laim_iotsolution\output\libraries\SrcWrapper\HAL\stm32yyxx_hal_tim.c.o
                0x080016e0                HAL_TIM_PWM_Start
 .text.HAL_TIM_IC_Start
                0x080016e8        0x8 c:\Users\luan\Documents\Laim_iotsolution\output\libraries\SrcWrapper\HAL\stm32yyxx_hal_tim.c.o
                0x080016e8                HAL_TIM_IC_Start
 .text.HAL_TIM_PWM_PulseFinishedCallback
                0x080016f0        0x2 c:\Users\luan\Documents\Laim_iotsolution\output\libraries\SrcWrapper\HAL\stm32yyxx_hal_tim.c.o
                0x080016f0                HAL_TIM_PWM_PulseFinishedCallback
 .text.HAL_TIM_TriggerCallback
                0x080016f2        0x2 c:\Users\luan\Documents\Laim_iotsolution\output\libraries\SrcWrapper\HAL\stm32yyxx_hal_tim.c.o
                0x080016f2                HAL_TIM_TriggerCallback
 .text.HAL_TIM_IRQHandler
                0x080016f4      0x110 c:\Users\luan\Documents\Laim_iotsolution\output\libraries\SrcWrapper\HAL\stm32yyxx_hal_tim.c.o
                0x080016f4                HAL_TIM_IRQHandler
 .text.UART_EndRxTransfer
                0x08001804       0x24 c:\Users\luan\Documents\Laim_iotsolution\output\libraries\SrcWrapper\HAL\stm32yyxx_hal_uart.c.o
 .text.UART_TxISR_8BIT
                0x08001828       0x3a c:\Users\luan\Documents\Laim_iotsolution\output\libraries\SrcWrapper\HAL\stm32yyxx_hal_uart.c.o
 .text.UART_TxISR_16BIT
                0x08001862       0x3e c:\Users\luan\Documents\Laim_iotsolution\output\libraries\SrcWrapper\HAL\stm32yyxx_hal_uart.c.o
 .text.HAL_UART_MspInit
                0x080018a0        0x2 c:\Users\luan\Documents\Laim_iotsolution\output\libraries\SrcWrapper\HAL\stm32yyxx_hal_uart.c.o
                0x080018a0                HAL_UART_MspInit
 *fill*         0x080018a2        0x2 
 .text.HAL_UART_Transmit_IT
                0x080018a4       0x78 c:\Users\luan\Documents\Laim_iotsolution\output\libraries\SrcWrapper\HAL\stm32yyxx_hal_uart.c.o
                0x080018a4                HAL_UART_Transmit_IT
 .text.HAL_UART_Receive_IT
                0x0800191c       0xc8 c:\Users\luan\Documents\Laim_iotsolution\output\libraries\SrcWrapper\HAL\stm32yyxx_hal_uart.c.o
                0x0800191c                HAL_UART_Receive_IT
 .text.UART_RxISR_8BIT
                0x080019e4       0x60 c:\Users\luan\Documents\Laim_iotsolution\output\libraries\SrcWrapper\HAL\stm32yyxx_hal_uart.c.o
 .text.UART_RxISR_16BIT
                0x08001a44       0x5c c:\Users\luan\Documents\Laim_iotsolution\output\libraries\SrcWrapper\HAL\stm32yyxx_hal_uart.c.o
 .text.HAL_UART_IRQHandler
                0x08001aa0      0x138 c:\Users\luan\Documents\Laim_iotsolution\output\libraries\SrcWrapper\HAL\stm32yyxx_hal_uart.c.o
                0x08001aa0                HAL_UART_IRQHandler
 .text.UART_DMAAbortOnError
                0x08001bd8       0x16 c:\Users\luan\Documents\Laim_iotsolution\output\libraries\SrcWrapper\HAL\stm32yyxx_hal_uart.c.o
 .text.HAL_HalfDuplex_EnableTransmitter
                0x08001bee       0x30 c:\Users\luan\Documents\Laim_iotsolution\output\libraries\SrcWrapper\HAL\stm32yyxx_hal_uart.c.o
                0x08001bee                HAL_HalfDuplex_EnableTransmitter
 .text.HAL_HalfDuplex_EnableReceiver
                0x08001c1e       0x30 c:\Users\luan\Documents\Laim_iotsolution\output\libraries\SrcWrapper\HAL\stm32yyxx_hal_uart.c.o
                0x08001c1e                HAL_HalfDuplex_EnableReceiver
 .text.HAL_UART_GetState
                0x08001c4e        0x8 c:\Users\luan\Documents\Laim_iotsolution\output\libraries\SrcWrapper\HAL\stm32yyxx_hal_uart.c.o
                0x08001c4e                HAL_UART_GetState
 *fill*         0x08001c56        0x2 
 .text.UART_SetConfig
                0x08001c58      0x270 c:\Users\luan\Documents\Laim_iotsolution\output\libraries\SrcWrapper\HAL\stm32yyxx_hal_uart.c.o
                0x08001c58                UART_SetConfig
 .text.UART_AdvFeatureConfig
                0x08001ec8       0xd0 c:\Users\luan\Documents\Laim_iotsolution\output\libraries\SrcWrapper\HAL\stm32yyxx_hal_uart.c.o
                0x08001ec8                UART_AdvFeatureConfig
 .text.UART_WaitOnFlagUntilTimeout
                0x08001f98       0x5c c:\Users\luan\Documents\Laim_iotsolution\output\libraries\SrcWrapper\HAL\stm32yyxx_hal_uart.c.o
                0x08001f98                UART_WaitOnFlagUntilTimeout
 .text.UART_CheckIdleState
                0x08001ff4       0x60 c:\Users\luan\Documents\Laim_iotsolution\output\libraries\SrcWrapper\HAL\stm32yyxx_hal_uart.c.o
                0x08001ff4                UART_CheckIdleState
 .text.HAL_UART_Init
                0x08002054       0x64 c:\Users\luan\Documents\Laim_iotsolution\output\libraries\SrcWrapper\HAL\stm32yyxx_hal_uart.c.o
                0x08002054                HAL_UART_Init
 .text.HAL_HalfDuplex_Init
                0x080020b8       0x6c c:\Users\luan\Documents\Laim_iotsolution\output\libraries\SrcWrapper\HAL\stm32yyxx_hal_uart.c.o
                0x080020b8                HAL_HalfDuplex_Init
 .text.HAL_UARTEx_EnableClockStopMode
                0x08002124       0x20 c:\Users\luan\Documents\Laim_iotsolution\output\libraries\SrcWrapper\HAL\stm32yyxx_hal_uart_ex.c.o
                0x08002124                HAL_UARTEx_EnableClockStopMode
 .text.HAL_UARTEx_DisableClockStopMode
                0x08002144       0x24 c:\Users\luan\Documents\Laim_iotsolution\output\libraries\SrcWrapper\HAL\stm32yyxx_hal_uart_ex.c.o
                0x08002144                HAL_UARTEx_DisableClockStopMode
 .text.HAL_UARTEx_EnableStopMode
                0x08002168       0x20 c:\Users\luan\Documents\Laim_iotsolution\output\libraries\SrcWrapper\HAL\stm32yyxx_hal_uart_ex.c.o
                0x08002168                HAL_UARTEx_EnableStopMode
 .text.HAL_UARTEx_DisableStopMode
                0x08002188       0x20 c:\Users\luan\Documents\Laim_iotsolution\output\libraries\SrcWrapper\HAL\stm32yyxx_hal_uart_ex.c.o
                0x08002188                HAL_UARTEx_DisableStopMode
 .text.set_GPIO_Port_Clock
                0x080021a8       0xa0 c:\Users\luan\Documents\Laim_iotsolution\output\libraries\SrcWrapper\stm32\PortNames.c.o
                0x080021a8                set_GPIO_Port_Clock
 .text.getCurrentMillis
                0x08002248        0x8 c:\Users\luan\Documents\Laim_iotsolution\output\libraries\SrcWrapper\stm32\clock.c.o
                0x08002248                getCurrentMillis
 .text.noOsSystickHandler
                0x08002250        0x2 c:\Users\luan\Documents\Laim_iotsolution\output\libraries\SrcWrapper\stm32\clock.c.o
                0x08002250                osSystickHandler
                0x08002250                noOsSystickHandler
 .text.SysTick_Handler
                0x08002252       0x10 c:\Users\luan\Documents\Laim_iotsolution\output\libraries\SrcWrapper\stm32\clock.c.o
                0x08002252                SysTick_Handler
 *fill*         0x08002262        0x2 
 .text.enableClock
                0x08002264       0xa8 c:\Users\luan\Documents\Laim_iotsolution\output\libraries\SrcWrapper\stm32\clock.c.o
                0x08002264                enableClock
 .text.hw_config_init
                0x0800230c        0xc c:\Users\luan\Documents\Laim_iotsolution\output\libraries\SrcWrapper\stm32\hw_config.c.o
                0x0800230c                hw_config_init
 .text.pin_in_pinmap
                0x08002318       0x1c c:\Users\luan\Documents\Laim_iotsolution\output\libraries\SrcWrapper\stm32\pinmap.c.o
                0x08002318                pin_in_pinmap
 .text.pin_function
                0x08002334       0xec c:\Users\luan\Documents\Laim_iotsolution\output\libraries\SrcWrapper\stm32\pinmap.c.o
                0x08002334                pin_function
 .text.pinmap_pinout
                0x08002420       0x2c c:\Users\luan\Documents\Laim_iotsolution\output\libraries\SrcWrapper\stm32\pinmap.c.o
                0x08002420                pinmap_pinout
 .text.pinmap_find_peripheral
                0x0800244c       0x18 c:\Users\luan\Documents\Laim_iotsolution\output\libraries\SrcWrapper\stm32\pinmap.c.o
                0x0800244c                pinmap_find_peripheral
 .text.pinmap_peripheral
                0x08002464       0x12 c:\Users\luan\Documents\Laim_iotsolution\output\libraries\SrcWrapper\stm32\pinmap.c.o
                0x08002464                pinmap_peripheral
 .text.pinmap_find_pin
                0x08002476       0x1a c:\Users\luan\Documents\Laim_iotsolution\output\libraries\SrcWrapper\stm32\pinmap.c.o
                0x08002476                pinmap_find_pin
 .text.pinmap_pin
                0x08002490       0x12 c:\Users\luan\Documents\Laim_iotsolution\output\libraries\SrcWrapper\stm32\pinmap.c.o
                0x08002490                pinmap_pin
 .text.pinmap_find_function
                0x080024a2       0x16 c:\Users\luan\Documents\Laim_iotsolution\output\libraries\SrcWrapper\stm32\pinmap.c.o
                0x080024a2                pinmap_find_function
 .text.pinmap_function
                0x080024b8       0x12 c:\Users\luan\Documents\Laim_iotsolution\output\libraries\SrcWrapper\stm32\pinmap.c.o
                0x080024b8                pinmap_function
 .text.pinmap_merge_peripheral
                0x080024ca       0x18 c:\Users\luan\Documents\Laim_iotsolution\output\libraries\SrcWrapper\stm32\pinmap.c.o
                0x080024ca                pinmap_merge_peripheral
 *fill*         0x080024e2        0x2 
 .text.HAL_RTC_AlarmAEventCallback
                0x080024e4       0x1c c:\Users\luan\Documents\Laim_iotsolution\output\libraries\SrcWrapper\stm32\rtc.c.o
                0x080024e4                HAL_RTC_AlarmAEventCallback
 .text.RTC_IRQHandler
                0x08002500       0x10 c:\Users\luan\Documents\Laim_iotsolution\output\libraries\SrcWrapper\stm32\rtc.c.o
                0x08002500                RTC_IRQHandler
 .text._Error_Handler
                0x08002510        0x2 c:\Users\luan\Documents\Laim_iotsolution\output\libraries\SrcWrapper\stm32\stm32_def.c.o
                0x08002510                _Error_Handler
 *fill*         0x08002512        0x2 
 .text.SystemInit
                0x08002514       0x5c c:\Users\luan\Documents\Laim_iotsolution\output\libraries\SrcWrapper\stm32\system_stm32yyxx.c.o
                0x08002514                SystemInit
 .text.get_timer_obj
                0x08002570        0x4 c:\Users\luan\Documents\Laim_iotsolution\output\libraries\SrcWrapper\stm32\timer.c.o
                0x08002570                get_timer_obj
 .text.enableTimerClock
                0x08002574       0x7c c:\Users\luan\Documents\Laim_iotsolution\output\libraries\SrcWrapper\stm32\timer.c.o
                0x08002574                enableTimerClock
 .text.disableTimerClock
                0x080025f0       0x7c c:\Users\luan\Documents\Laim_iotsolution\output\libraries\SrcWrapper\stm32\timer.c.o
                0x080025f0                disableTimerClock
 .text.getTimerUpIrq
                0x0800266c       0x60 c:\Users\luan\Documents\Laim_iotsolution\output\libraries\SrcWrapper\stm32\timer.c.o
                0x0800266c                getTimerUpIrq
 .text.HAL_TIM_Base_MspInit
                0x080026cc       0x4c c:\Users\luan\Documents\Laim_iotsolution\output\libraries\SrcWrapper\stm32\timer.c.o
                0x080026cc                HAL_TIM_Base_MspInit
 .text.getTimerClkSrc
                0x08002718       0x5c c:\Users\luan\Documents\Laim_iotsolution\output\libraries\SrcWrapper\stm32\timer.c.o
                0x08002718                getTimerClkSrc
 .text.uart_init.part.0
                0x08002774      0x254 c:\Users\luan\Documents\Laim_iotsolution\output\libraries\SrcWrapper\stm32\uart.c.o
 .text.uart_init
                0x080029c8       0x10 c:\Users\luan\Documents\Laim_iotsolution\output\libraries\SrcWrapper\stm32\uart.c.o
                0x080029c8                uart_init
 .text.serial_rx_active
                0x080029d8       0x24 c:\Users\luan\Documents\Laim_iotsolution\output\libraries\SrcWrapper\stm32\uart.c.o
                0x080029d8                serial_rx_active
 .text.serial_tx_active
                0x080029fc       0x24 c:\Users\luan\Documents\Laim_iotsolution\output\libraries\SrcWrapper\stm32\uart.c.o
                0x080029fc                serial_tx_active
 .text.uart_getc
                0x08002a20       0x38 c:\Users\luan\Documents\Laim_iotsolution\output\libraries\SrcWrapper\stm32\uart.c.o
                0x08002a20                uart_getc
 .text.uart_attach_rx_callback
                0x08002a58       0x54 c:\Users\luan\Documents\Laim_iotsolution\output\libraries\SrcWrapper\stm32\uart.c.o
                0x08002a58                uart_attach_rx_callback
 .text.uart_attach_tx_callback
                0x08002aac       0x50 c:\Users\luan\Documents\Laim_iotsolution\output\libraries\SrcWrapper\stm32\uart.c.o
                0x08002aac                uart_attach_tx_callback
 .text.uart_enable_tx
                0x08002afc       0x28 c:\Users\luan\Documents\Laim_iotsolution\output\libraries\SrcWrapper\stm32\uart.c.o
                0x08002afc                uart_enable_tx
 .text.uart_enable_rx
                0x08002b24       0x28 c:\Users\luan\Documents\Laim_iotsolution\output\libraries\SrcWrapper\stm32\uart.c.o
                0x08002b24                uart_enable_rx
 .text.HAL_UART_RxCpltCallback
                0x08002b4c        0xe c:\Users\luan\Documents\Laim_iotsolution\output\libraries\SrcWrapper\stm32\uart.c.o
                0x08002b4c                HAL_UART_RxCpltCallback
 .text.HAL_UART_TxCpltCallback
                0x08002b5a       0x2a c:\Users\luan\Documents\Laim_iotsolution\output\libraries\SrcWrapper\stm32\uart.c.o
                0x08002b5a                HAL_UART_TxCpltCallback
 .text.HAL_UART_ErrorCallback
                0x08002b84       0x42 c:\Users\luan\Documents\Laim_iotsolution\output\libraries\SrcWrapper\stm32\uart.c.o
                0x08002b84                HAL_UART_ErrorCallback
 *fill*         0x08002bc6        0x2 
 .text.USART1_IRQHandler
                0x08002bc8       0x18 c:\Users\luan\Documents\Laim_iotsolution\output\libraries\SrcWrapper\stm32\uart.c.o
                0x08002bc8                USART1_IRQHandler
 .text.USART2_IRQHandler
                0x08002be0       0x18 c:\Users\luan\Documents\Laim_iotsolution\output\libraries\SrcWrapper\stm32\uart.c.o
                0x08002be0                USART2_IRQHandler
 .text.USART4_5_IRQHandler
                0x08002bf8       0x24 c:\Users\luan\Documents\Laim_iotsolution\output\libraries\SrcWrapper\stm32\uart.c.o
                0x08002bf8                USART4_5_IRQHandler
 .text.RNG_LPUART1_IRQHandler
                0x08002c1c       0x18 c:\Users\luan\Documents\Laim_iotsolution\output\libraries\SrcWrapper\stm32\uart.c.o
                0x08002c1c                RNG_LPUART1_IRQHandler
 .text.HAL_UARTEx_WakeupCallback
                0x08002c34        0xe c:\Users\luan\Documents\Laim_iotsolution\output\libraries\SrcWrapper\stm32\uart.c.o
                0x08002c34                HAL_UARTEx_WakeupCallback
 *fill*         0x08002c42        0x2 
 .text.HAL_DAC_MspDeInit
                0x08002c44       0x30 c:\Users\luan\Documents\Laim_iotsolution\output\libraries\SrcWrapper\stm32\analog.cpp.o
                0x08002c44                HAL_DAC_MspDeInit
 .text.dac_stop
                0x08002c74       0x3c c:\Users\luan\Documents\Laim_iotsolution\output\libraries\SrcWrapper\stm32\analog.cpp.o
                0x08002c74                dac_stop
 .text.pwm_stop
                0x08002cb0       0x58 c:\Users\luan\Documents\Laim_iotsolution\output\libraries\SrcWrapper\stm32\analog.cpp.o
                0x08002cb0                pwm_stop
 .text._ZNSt14_Function_baseD2Ev
                0x08002d08       0x14 c:\Users\luan\Documents\Laim_iotsolution\output\libraries\SrcWrapper\stm32\interrupt.cpp.o
                0x08002d08                std::_Function_base::~_Function_base()
                0x08002d08                std::_Function_base::~_Function_base()
 .text.HAL_GPIO_EXTI_Callback
                0x08002d1c       0x2c c:\Users\luan\Documents\Laim_iotsolution\output\libraries\SrcWrapper\stm32\interrupt.cpp.o
                0x08002d1c                HAL_GPIO_EXTI_Callback
 .text.EXTI0_1_IRQHandler
                0x08002d48       0x10 c:\Users\luan\Documents\Laim_iotsolution\output\libraries\SrcWrapper\stm32\interrupt.cpp.o
                0x08002d48                EXTI0_1_IRQHandler
 .text.EXTI2_3_IRQHandler
                0x08002d58       0x10 c:\Users\luan\Documents\Laim_iotsolution\output\libraries\SrcWrapper\stm32\interrupt.cpp.o
                0x08002d58                EXTI2_3_IRQHandler
 .text.EXTI4_15_IRQHandler
                0x08002d68       0x16 c:\Users\luan\Documents\Laim_iotsolution\output\libraries\SrcWrapper\stm32\interrupt.cpp.o
                0x08002d68                EXTI4_15_IRQHandler
 .text._ZNSt8functionIFvvEEC2ERKS1_
                0x08002d7e       0x20 c:\Users\luan\Documents\Laim_iotsolution\output\libraries\SrcWrapper\stm32\interrupt.cpp.o
                0x08002d7e                std::function<void ()>::function(std::function<void ()> const&)
                0x08002d7e                std::function<void ()>::function(std::function<void ()> const&)
 *fill*         0x08002d9e        0x2 
 .text.startup._GLOBAL__sub_I__Z22stm32_interrupt_enableP12GPIO_TypeDeftSt8functionIFvvEEm
                0x08002da0       0xa4 c:\Users\luan\Documents\Laim_iotsolution\output\libraries\SrcWrapper\stm32\interrupt.cpp.o
 .text.exit._GLOBAL__sub_D__Z22stm32_interrupt_enableP12GPIO_TypeDeftSt8functionIFvvEEm
                0x08002e44       0x1c c:\Users\luan\Documents\Laim_iotsolution\output\libraries\SrcWrapper\stm32\interrupt.cpp.o
 .text.SystemClock_Config
                0x08002e60       0x98 c:\Users\luan\Documents\Laim_iotsolution\output\core\variant.cpp.o
                0x08002e60                SystemClock_Config
 .text.Reset_Handler
                0x08002ef8       0x50 c:\Users\luan\Documents\Laim_iotsolution\output\core\core.a(startup_stm32yyxx.S.o)
                0x08002ef8                Reset_Handler
 .text.Default_Handler
                0x08002f48        0x2 c:\Users\luan\Documents\Laim_iotsolution\output\core\core.a(startup_stm32yyxx.S.o)
                0x08002f48                TSC_IRQHandler
                0x08002f48                HardFault_Handler
                0x08002f48                ADC1_COMP_IRQHandler
                0x08002f48                PVD_IRQHandler
                0x08002f48                PendSV_Handler
                0x08002f48                NMI_Handler
                0x08002f48                I2C1_IRQHandler
                0x08002f48                RCC_CRS_IRQHandler
                0x08002f48                SPI1_IRQHandler
                0x08002f48                I2C2_IRQHandler
                0x08002f48                LCD_IRQHandler
                0x08002f48                DMA1_Channel4_5_6_7_IRQHandler
                0x08002f48                DMA1_Channel1_IRQHandler
                0x08002f48                Default_Handler
                0x08002f48                USB_IRQHandler
                0x08002f48                I2C3_IRQHandler
                0x08002f48                SPI2_IRQHandler
                0x08002f48                SVC_Handler
                0x08002f48                WWDG_IRQHandler
                0x08002f48                DMA1_Channel2_3_IRQHandler
                0x08002f48                FLASH_IRQHandler
                0x08002f48                LPTIM1_IRQHandler
 *fill*         0x08002f4a        0x2 
 .text.pinMode  0x08002f4c       0xc0 c:\Users\luan\Documents\Laim_iotsolution\output\core\core.a(wiring_digital.c.o)
                0x08002f4c                pinMode
 .text._ZN14HardwareSerial16_tx_complete_irqEP8serial_s
                0x0800300c       0x1e c:\Users\luan\Documents\Laim_iotsolution\output\core\core.a(HardwareSerial.cpp.o)
                0x0800300c                HardwareSerial::_tx_complete_irq(serial_s*)
 .text._ZN14HardwareSerial9availableEv
                0x0800302a       0x10 c:\Users\luan\Documents\Laim_iotsolution\output\core\core.a(HardwareSerial.cpp.o)
                0x0800302a                HardwareSerial::available()
 .text._ZN14HardwareSerial4peekEv
                0x0800303a       0x1a c:\Users\luan\Documents\Laim_iotsolution\output\core\core.a(HardwareSerial.cpp.o)
                0x0800303a                HardwareSerial::peek()
 .text._ZN14HardwareSerial16_rx_complete_irqEP8serial_s
                0x08003054       0x38 c:\Users\luan\Documents\Laim_iotsolution\output\core\core.a(HardwareSerial.cpp.o)
                0x08003054                HardwareSerial::_rx_complete_irq(serial_s*)
 .text._ZN14HardwareSerial5writeEh
                0x0800308c       0x60 c:\Users\luan\Documents\Laim_iotsolution\output\core\core.a(HardwareSerial.cpp.o)
                0x0800308c                HardwareSerial::write(unsigned char)
 .text._ZN14HardwareSerial5flushEv
                0x080030ec       0x12 c:\Users\luan\Documents\Laim_iotsolution\output\core\core.a(HardwareSerial.cpp.o)
                0x080030ec                HardwareSerial::flush()
 .text._ZN14HardwareSerial4initE7PinNameS0_
                0x080030fe       0x28 c:\Users\luan\Documents\Laim_iotsolution\output\core\core.a(HardwareSerial.cpp.o)
                0x080030fe                HardwareSerial::init(PinName, PinName)
 *fill*         0x08003126        0x2 
 .text._ZN14HardwareSerialC2EPv16HalfDuplexMode_t
                0x08003128       0x78 c:\Users\luan\Documents\Laim_iotsolution\output\core\core.a(HardwareSerial.cpp.o)
                0x08003128                HardwareSerial::HardwareSerial(void*, HalfDuplexMode_t)
                0x08003128                HardwareSerial::HardwareSerial(void*, HalfDuplexMode_t)
 .text._ZN14HardwareSerial18enableHalfDuplexRxEv
                0x080031a0       0x2e c:\Users\luan\Documents\Laim_iotsolution\output\core\core.a(HardwareSerial.cpp.o)
                0x080031a0                HardwareSerial::enableHalfDuplexRx()
 *fill*         0x080031ce        0x2 
 .text._ZN14HardwareSerial5beginEmh
                0x080031d0       0x98 c:\Users\luan\Documents\Laim_iotsolution\output\core\core.a(HardwareSerial.cpp.o)
                0x080031d0                HardwareSerial::begin(unsigned long, unsigned char)
 .text._ZN14HardwareSerial4readEv
                0x08003268       0x2a c:\Users\luan\Documents\Laim_iotsolution\output\core\core.a(HardwareSerial.cpp.o)
                0x08003268                HardwareSerial::read()
 *fill*         0x08003292        0x2 
 .text.startup._GLOBAL__sub_I_Serial2
                0x08003294       0x18 c:\Users\luan\Documents\Laim_iotsolution\output\core\core.a(HardwareSerial.cpp.o)
 .text._ZNSt8functionIFvvEEaSEDn.isra.0
                0x080032ac       0x1a c:\Users\luan\Documents\Laim_iotsolution\output\core\core.a(HardwareTimer.cpp.o)
 .text._ZN13HardwareTimer5pauseEv
                0x080032c6       0x32 c:\Users\luan\Documents\Laim_iotsolution\output\core\core.a(HardwareTimer.cpp.o)
                0x080032c6                HardwareTimer::pause()
 .text._ZN13HardwareTimer10getChannelEm
                0x080032f8       0x12 c:\Users\luan\Documents\Laim_iotsolution\output\core\core.a(HardwareTimer.cpp.o)
                0x080032f8                HardwareTimer::getChannel(unsigned long)
 *fill*         0x0800330a        0x2 
 .text._ZN13HardwareTimer13resumeChannelEm
                0x0800330c       0xfc c:\Users\luan\Documents\Laim_iotsolution\output\core\core.a(HardwareTimer.cpp.o)
                0x0800330c                HardwareTimer::resumeChannel(unsigned long)
 .text._ZN13HardwareTimer6resumeEv
                0x08003408       0x42 c:\Users\luan\Documents\Laim_iotsolution\output\core\core.a(HardwareTimer.cpp.o)
                0x08003408                HardwareTimer::resume()
 .text._ZN13HardwareTimer17setPrescaleFactorEm
                0x0800344a        0x8 c:\Users\luan\Documents\Laim_iotsolution\output\core\core.a(HardwareTimer.cpp.o)
                0x0800344a                HardwareTimer::setPrescaleFactor(unsigned long)
 .text._ZN13HardwareTimer15detachInterruptEv
                0x08003452       0x14 c:\Users\luan\Documents\Laim_iotsolution\output\core\core.a(HardwareTimer.cpp.o)
                0x08003452                HardwareTimer::detachInterrupt()
 *fill*         0x08003466        0x2 
 .text._Z15get_timer_indexP11TIM_TypeDef
                0x08003468       0x54 c:\Users\luan\Documents\Laim_iotsolution\output\core\core.a(HardwareTimer.cpp.o)
                0x08003468                get_timer_index(TIM_TypeDef*)
 .text._ZN13HardwareTimerD2Ev
                0x080034bc       0x3c c:\Users\luan\Documents\Laim_iotsolution\output\core\core.a(HardwareTimer.cpp.o)
                0x080034bc                HardwareTimer::~HardwareTimer()
                0x080034bc                HardwareTimer::~HardwareTimer()
 .text._ZN13HardwareTimerC2EP11TIM_TypeDef
                0x080034f8       0xa4 c:\Users\luan\Documents\Laim_iotsolution\output\core\core.a(HardwareTimer.cpp.o)
                0x080034f8                HardwareTimer::HardwareTimer(TIM_TypeDef*)
                0x080034f8                HardwareTimer::HardwareTimer(TIM_TypeDef*)
 .text._ZN13HardwareTimer15getTimerClkFreqEv
                0x0800359c       0x70 c:\Users\luan\Documents\Laim_iotsolution\output\core\core.a(HardwareTimer.cpp.o)
                0x0800359c                HardwareTimer::getTimerClkFreq()
 .text._ZN13HardwareTimer11setOverflowEm13TimerFormat_t
                0x0800360c       0x4c c:\Users\luan\Documents\Laim_iotsolution\output\core\core.a(HardwareTimer.cpp.o)
                0x0800360c                HardwareTimer::setOverflow(unsigned long, TimerFormat_t)
 .text._ZN13HardwareTimer8setCountEm13TimerFormat_t
                0x08003658       0x40 c:\Users\luan\Documents\Laim_iotsolution\output\core\core.a(HardwareTimer.cpp.o)
                0x08003658                HardwareTimer::setCount(unsigned long, TimerFormat_t)
 .text.TIM2_IRQHandler
                0x08003698       0x18 c:\Users\luan\Documents\Laim_iotsolution\output\core\core.a(HardwareTimer.cpp.o)
                0x08003698                TIM2_IRQHandler
 .text.TIM3_IRQHandler
                0x080036b0       0x18 c:\Users\luan\Documents\Laim_iotsolution\output\core\core.a(HardwareTimer.cpp.o)
                0x080036b0                TIM3_IRQHandler
 .text.TIM6_DAC_IRQHandler
                0x080036c8       0x18 c:\Users\luan\Documents\Laim_iotsolution\output\core\core.a(HardwareTimer.cpp.o)
                0x080036c8                TIM6_DAC_IRQHandler
 .text.TIM7_IRQHandler
                0x080036e0       0x18 c:\Users\luan\Documents\Laim_iotsolution\output\core\core.a(HardwareTimer.cpp.o)
                0x080036e0                TIM7_IRQHandler
 .text.TIM21_IRQHandler
                0x080036f8       0x18 c:\Users\luan\Documents\Laim_iotsolution\output\core\core.a(HardwareTimer.cpp.o)
                0x080036f8                TIM21_IRQHandler
 .text.TIM22_IRQHandler
                0x08003710       0x18 c:\Users\luan\Documents\Laim_iotsolution\output\core\core.a(HardwareTimer.cpp.o)
                0x08003710                TIM22_IRQHandler
 .text._ZNSt8functionIFvvEEaSERKS1_
                0x08003728       0x44 c:\Users\luan\Documents\Laim_iotsolution\output\core\core.a(HardwareTimer.cpp.o)
                0x08003728                std::function<void ()>::operator=(std::function<void ()> const&)
 .text._ZN13HardwareTimer15attachInterruptESt8functionIFvvEE
                0x0800376c       0x30 c:\Users\luan\Documents\Laim_iotsolution\output\core\core.a(HardwareTimer.cpp.o)
                0x0800376c                HardwareTimer::attachInterrupt(std::function<void ()>)
 .text._ZNKSt8functionIFvvEEclEv
                0x0800379c       0x12 c:\Users\luan\Documents\Laim_iotsolution\output\core\core.a(HardwareTimer.cpp.o)
                0x0800379c                std::function<void ()>::operator()() const
 *fill*         0x080037ae        0x2 
 .text._ZN13HardwareTimer14updateCallbackEP17TIM_HandleTypeDef
                0x080037b0       0x2c c:\Users\luan\Documents\Laim_iotsolution\output\core\core.a(HardwareTimer.cpp.o)
                0x080037b0                HardwareTimer::updateCallback(TIM_HandleTypeDef*)
 .text.HAL_TIM_PeriodElapsedCallback
                0x080037dc        0x8 c:\Users\luan\Documents\Laim_iotsolution\output\core\core.a(HardwareTimer.cpp.o)
                0x080037dc                HAL_TIM_PeriodElapsedCallback
 .text._ZN13HardwareTimer22captureCompareCallbackEP17TIM_HandleTypeDef
                0x080037e4       0x54 c:\Users\luan\Documents\Laim_iotsolution\output\core\core.a(HardwareTimer.cpp.o)
                0x080037e4                HardwareTimer::captureCompareCallback(TIM_HandleTypeDef*)
 .text.HAL_TIM_OC_DelayElapsedCallback
                0x08003838        0x8 c:\Users\luan\Documents\Laim_iotsolution\output\core\core.a(HardwareTimer.cpp.o)
                0x08003838                HAL_TIM_OC_DelayElapsedCallback
 .text.HAL_TIM_IC_CaptureCallback
                0x08003840        0x8 c:\Users\luan\Documents\Laim_iotsolution\output\core\core.a(HardwareTimer.cpp.o)
                0x08003840                HAL_TIM_IC_CaptureCallback
 .text._ZN5Print5writeEPKhj
                0x08003848       0x24 c:\Users\luan\Documents\Laim_iotsolution\output\core\core.a(Print.cpp.o)
                0x08003848                Print::write(unsigned char const*, unsigned int)
 .text._ZN5Print5writeEPKc
                0x0800386c       0x1c c:\Users\luan\Documents\Laim_iotsolution\output\core\core.a(Print.cpp.o)
                0x0800386c                Print::write(char const*)
 .text._ZN5Print7printlnEv
                0x08003888       0x10 c:\Users\luan\Documents\Laim_iotsolution\output\core\core.a(Print.cpp.o)
                0x08003888                Print::println()
 .text._ZN5Print7printlnEPKc
                0x08003898       0x14 c:\Users\luan\Documents\Laim_iotsolution\output\core\core.a(Print.cpp.o)
                0x08003898                Print::println(char const*)
 .text._ZN6Stream9timedReadEv
                0x080038ac       0x2a c:\Users\luan\Documents\Laim_iotsolution\output\core\core.a(Stream.cpp.o)
                0x080038ac                Stream::timedRead()
 .text._ZN6Stream9readBytesEPcj
                0x080038d6       0x22 c:\Users\luan\Documents\Laim_iotsolution\output\core\core.a(Stream.cpp.o)
                0x080038d6                Stream::readBytes(char*, unsigned int)
 .text._ZN6Stream14readBytesUntilEcPcj
                0x080038f8       0x2c c:\Users\luan\Documents\Laim_iotsolution\output\core\core.a(Stream.cpp.o)
                0x080038f8                Stream::readBytesUntil(char, char*, unsigned int)
 .text.startup._Z7premainv
                0x08003924        0x8 c:\Users\luan\Documents\Laim_iotsolution\output\core\core.a(main.cpp.o)
                0x08003924                premain()
 .text.startup.main
                0x0800392c       0x14 c:\Users\luan\Documents\Laim_iotsolution\output\core\core.a(main.cpp.o)
                0x0800392c                main
 .text._Znwj    0x08003940        0x8 c:\Users\luan\Documents\Laim_iotsolution\output\core\core.a(new.cpp.o)
                0x08003940                operator new(unsigned int)
 .text._ZdlPvj  0x08003948        0x8 c:\Users\luan\Documents\Laim_iotsolution\output\core\core.a(new.cpp.o)
                0x08003948                operator delete(void*, unsigned int)
 .text.init     0x08003950        0x8 c:\Users\luan\Documents\Laim_iotsolution\output\core\core.a(board.c.o)
                0x08003950                init
 .text.millis   0x08003958        0x8 c:\Users\luan\Documents\Laim_iotsolution\output\core\core.a(wiring_time.c.o)
                0x08003958                millis
 .text._Z14serialEventRunv
                0x08003960       0x20 c:\Users\luan\Documents\Laim_iotsolution\output\core\core.a(WSerial.cpp.o)
                0x08003960                serialEventRun()
 .text.__libc_init_array
                0x08003980       0x48 c:/users/kosde/appdata/local/arduino15/packages/stm32/tools/xpack-arm-none-eabi-gcc/9.2.1-1.1/bin/../lib/gcc/arm-none-eabi/9.2.1/../../../../arm-none-eabi/lib/thumb/v6-m/nofp\libc_nano.a(lib_a-init.o)
                0x08003980                __libc_init_array
 .text.malloc   0x080039c8       0x14 c:/users/kosde/appdata/local/arduino15/packages/stm32/tools/xpack-arm-none-eabi-gcc/9.2.1-1.1/bin/../lib/gcc/arm-none-eabi/9.2.1/../../../../arm-none-eabi/lib/thumb/v6-m/nofp\libc_nano.a(lib_a-malloc.o)
                0x080039c8                malloc
 .text.free     0x080039dc       0x14 c:/users/kosde/appdata/local/arduino15/packages/stm32/tools/xpack-arm-none-eabi-gcc/9.2.1-1.1/bin/../lib/gcc/arm-none-eabi/9.2.1/../../../../arm-none-eabi/lib/thumb/v6-m/nofp\libc_nano.a(lib_a-malloc.o)
                0x080039dc                free
 .text.memcpy   0x080039f0       0x12 c:/users/kosde/appdata/local/arduino15/packages/stm32/tools/xpack-arm-none-eabi-gcc/9.2.1-1.1/bin/../lib/gcc/arm-none-eabi/9.2.1/../../../../arm-none-eabi/lib/thumb/v6-m/nofp\libc_nano.a(lib_a-memcpy-stub.o)
                0x080039f0                memcpy
 .text.memset   0x08003a02       0x10 c:/users/kosde/appdata/local/arduino15/packages/stm32/tools/xpack-arm-none-eabi-gcc/9.2.1-1.1/bin/../lib/gcc/arm-none-eabi/9.2.1/../../../../arm-none-eabi/lib/thumb/v6-m/nofp\libc_nano.a(lib_a-memset.o)
                0x08003a02                memset
 *fill*         0x08003a12        0x2 
 .text._free_r  0x08003a14       0x94 c:/users/kosde/appdata/local/arduino15/packages/stm32/tools/xpack-arm-none-eabi-gcc/9.2.1-1.1/bin/../lib/gcc/arm-none-eabi/9.2.1/../../../../arm-none-eabi/lib/thumb/v6-m/nofp\libc_nano.a(lib_a-nano-freer.o)
                0x08003a14                _free_r
 .text._malloc_r
                0x08003aa8       0xbc c:/users/kosde/appdata/local/arduino15/packages/stm32/tools/xpack-arm-none-eabi-gcc/9.2.1-1.1/bin/../lib/gcc/arm-none-eabi/9.2.1/../../../../arm-none-eabi/lib/thumb/v6-m/nofp\libc_nano.a(lib_a-nano-mallocr.o)
                0x08003aa8                _malloc_r
 .text._sbrk_r  0x08003b64       0x24 c:/users/kosde/appdata/local/arduino15/packages/stm32/tools/xpack-arm-none-eabi-gcc/9.2.1-1.1/bin/../lib/gcc/arm-none-eabi/9.2.1/../../../../arm-none-eabi/lib/thumb/v6-m/nofp\libc_nano.a(lib_a-sbrkr.o)
                0x08003b64                _sbrk_r
 .text.__retarget_lock_acquire_recursive
                0x08003b88        0x2 c:/users/kosde/appdata/local/arduino15/packages/stm32/tools/xpack-arm-none-eabi-gcc/9.2.1-1.1/bin/../lib/gcc/arm-none-eabi/9.2.1/../../../../arm-none-eabi/lib/thumb/v6-m/nofp\libc_nano.a(lib_a-lock.o)
                0x08003b88                __retarget_lock_acquire_recursive
 .text.__retarget_lock_release_recursive
                0x08003b8a        0x2 c:/users/kosde/appdata/local/arduino15/packages/stm32/tools/xpack-arm-none-eabi-gcc/9.2.1-1.1/bin/../lib/gcc/arm-none-eabi/9.2.1/../../../../arm-none-eabi/lib/thumb/v6-m/nofp\libc_nano.a(lib_a-lock.o)
                0x08003b8a                __retarget_lock_release_recursive
 .text.__malloc_lock
                0x08003b8c       0x10 c:/users/kosde/appdata/local/arduino15/packages/stm32/tools/xpack-arm-none-eabi-gcc/9.2.1-1.1/bin/../lib/gcc/arm-none-eabi/9.2.1/../../../../arm-none-eabi/lib/thumb/v6-m/nofp\libc_nano.a(lib_a-mlock.o)
                0x08003b8c                __malloc_lock
 .text.__malloc_unlock
                0x08003b9c       0x10 c:/users/kosde/appdata/local/arduino15/packages/stm32/tools/xpack-arm-none-eabi-gcc/9.2.1-1.1/bin/../lib/gcc/arm-none-eabi/9.2.1/../../../../arm-none-eabi/lib/thumb/v6-m/nofp\libc_nano.a(lib_a-mlock.o)
                0x08003b9c                __malloc_unlock
 .text.__udivmoddi4
                0x08003bac      0x198 c:/users/kosde/appdata/local/arduino15/packages/stm32/tools/xpack-arm-none-eabi-gcc/9.2.1-1.1/bin/../lib/gcc/arm-none-eabi/9.2.1/thumb/v6-m/nofp\libgcc.a(_udivmoddi4.o)
                0x08003bac                __udivmoddi4
 .text.unlikely._ZSt25__throw_bad_function_callv
                0x08003d44        0x6 c:/users/kosde/appdata/local/arduino15/packages/stm32/tools/xpack-arm-none-eabi-gcc/9.2.1-1.1/bin/../lib/gcc/arm-none-eabi/9.2.1/../../../../arm-none-eabi/lib/thumb/v6-m/nofp\libstdc++_nano.a(functional.o)
                0x08003d44                std::__throw_bad_function_call()
 .text.abort    0x08003d4a        0xe c:/users/kosde/appdata/local/arduino15/packages/stm32/tools/xpack-arm-none-eabi-gcc/9.2.1-1.1/bin/../lib/gcc/arm-none-eabi/9.2.1/../../../../arm-none-eabi/lib/thumb/v6-m/nofp\libc_nano.a(lib_a-abort.o)
                0x08003d4a                abort
 .text._raise_r
                0x08003d58       0x54 c:/users/kosde/appdata/local/arduino15/packages/stm32/tools/xpack-arm-none-eabi-gcc/9.2.1-1.1/bin/../lib/gcc/arm-none-eabi/9.2.1/../../../../arm-none-eabi/lib/thumb/v6-m/nofp\libc_nano.a(lib_a-signal.o)
                0x08003d58                _raise_r
 .text.raise    0x08003dac       0x14 c:/users/kosde/appdata/local/arduino15/packages/stm32/tools/xpack-arm-none-eabi-gcc/9.2.1-1.1/bin/../lib/gcc/arm-none-eabi/9.2.1/../../../../arm-none-eabi/lib/thumb/v6-m/nofp\libc_nano.a(lib_a-signal.o)
                0x08003dac                raise
 .text._kill_r  0x08003dc0       0x24 c:/users/kosde/appdata/local/arduino15/packages/stm32/tools/xpack-arm-none-eabi-gcc/9.2.1-1.1/bin/../lib/gcc/arm-none-eabi/9.2.1/../../../../arm-none-eabi/lib/thumb/v6-m/nofp\libc_nano.a(lib_a-signalr.o)
                0x08003dc0                _kill_r
 .text._getpid_r
                0x08003de4        0x8 c:/users/kosde/appdata/local/arduino15/packages/stm32/tools/xpack-arm-none-eabi-gcc/9.2.1-1.1/bin/../lib/gcc/arm-none-eabi/9.2.1/../../../../arm-none-eabi/lib/thumb/v6-m/nofp\libc_nano.a(lib_a-signalr.o)
                0x08003de4                _getpid_r
 *(.glue_7)
 .glue_7        0x08003dec        0x0 linker stubs
 *(.glue_7t)
 .glue_7t       0x08003dec        0x0 linker stubs
 *(.eh_frame)
 .eh_frame      0x08003dec        0x0 c:/users/kosde/appdata/local/arduino15/packages/stm32/tools/xpack-arm-none-eabi-gcc/9.2.1-1.1/bin/../lib/gcc/arm-none-eabi/9.2.1/thumb/v6-m/nofp/crtbegin.o
 *(.init)
 .init          0x08003dec        0x4 c:/users/kosde/appdata/local/arduino15/packages/stm32/tools/xpack-arm-none-eabi-gcc/9.2.1-1.1/bin/../lib/gcc/arm-none-eabi/9.2.1/thumb/v6-m/nofp/crti.o
                0x08003dec                _init
 .init          0x08003df0        0x8 c:/users/kosde/appdata/local/arduino15/packages/stm32/tools/xpack-arm-none-eabi-gcc/9.2.1-1.1/bin/../lib/gcc/arm-none-eabi/9.2.1/thumb/v6-m/nofp/crtn.o
 *(.fini)
 .fini          0x08003df8        0x4 c:/users/kosde/appdata/local/arduino15/packages/stm32/tools/xpack-arm-none-eabi-gcc/9.2.1-1.1/bin/../lib/gcc/arm-none-eabi/9.2.1/thumb/v6-m/nofp/crti.o
                0x08003df8                _fini
 .fini          0x08003dfc        0x8 c:/users/kosde/appdata/local/arduino15/packages/stm32/tools/xpack-arm-none-eabi-gcc/9.2.1-1.1/bin/../lib/gcc/arm-none-eabi/9.2.1/thumb/v6-m/nofp/crtn.o
                0x08003e04                . = ALIGN (0x4)
                0x08003e04                _etext = .

.vfp11_veneer   0x08003e04        0x0
 .vfp11_veneer  0x08003e04        0x0 linker stubs

.v4_bx          0x08003e04        0x0
 .v4_bx         0x08003e04        0x0 linker stubs

.iplt           0x08003e04        0x0
 .iplt          0x08003e04        0x0 c:/users/kosde/appdata/local/arduino15/packages/stm32/tools/xpack-arm-none-eabi-gcc/9.2.1-1.1/bin/../lib/gcc/arm-none-eabi/9.2.1/thumb/v6-m/nofp/crtbegin.o

.rodata         0x08003e04      0x758
                0x08003e04                . = ALIGN (0x4)
 *(.rodata)
 *(.rodata*)
 .rodata.setup.str1.1
                0x08003e04       0x13 c:\Users\luan\Documents\Laim_iotsolution\output\sketch\stm32_dragino.ino.cpp.o
 .rodata._ZN14SoftwareSerialC2Ettb.str1.1
                0x08003e17       0x1b c:\Users\luan\Documents\Laim_iotsolution\output\libraries\SoftwareSerial\SoftwareSerial.cpp.o
 *fill*         0x08003e32        0x2 
 .rodata._ZTV14SoftwareSerial
                0x08003e34       0x30 c:\Users\luan\Documents\Laim_iotsolution\output\libraries\SoftwareSerial\SoftwareSerial.cpp.o
                0x08003e34                vtable for SoftwareSerial
 .rodata.CSWTCH.55
                0x08003e64        0x3 c:\Users\luan\Documents\Laim_iotsolution\output\libraries\SrcWrapper\HAL\stm32yyxx_hal_uart.c.o
 .rodata.CSWTCH.56
                0x08003e67        0xd c:\Users\luan\Documents\Laim_iotsolution\output\libraries\SrcWrapper\HAL\stm32yyxx_hal_uart.c.o
 .rodata.enableClock.str1.1
                0x08003e74       0x72 c:\Users\luan\Documents\Laim_iotsolution\output\libraries\SrcWrapper\stm32\clock.c.o
 .rodata.pin_function.str1.1
                0x08003ee6       0x73 c:\Users\luan\Documents\Laim_iotsolution\output\libraries\SrcWrapper\stm32\pinmap.c.o
 *fill*         0x08003f59        0x3 
 .rodata.pin_map_ll
                0x08003f5c       0x40 c:\Users\luan\Documents\Laim_iotsolution\output\libraries\SrcWrapper\stm32\pinmap.c.o
                0x08003f5c                pin_map_ll
 .rodata.AHBPrescTable
                0x08003f9c       0x10 c:\Users\luan\Documents\Laim_iotsolution\output\libraries\SrcWrapper\stm32\system_stm32yyxx.c.o
                0x08003f9c                AHBPrescTable
 .rodata.APBPrescTable
                0x08003fac        0x8 c:\Users\luan\Documents\Laim_iotsolution\output\libraries\SrcWrapper\stm32\system_stm32yyxx.c.o
                0x08003fac                APBPrescTable
 .rodata.PLLMulTable
                0x08003fb4        0x9 c:\Users\luan\Documents\Laim_iotsolution\output\libraries\SrcWrapper\stm32\system_stm32yyxx.c.o
                0x08003fb4                PLLMulTable
 .rodata.getTimerUpIrq.str1.1
                0x08003fbd       0x18 c:\Users\luan\Documents\Laim_iotsolution\output\libraries\SrcWrapper\stm32\timer.c.o
 .rodata.getTimerClkSrc.str1.1
                0x08003fd5       0x1c c:\Users\luan\Documents\Laim_iotsolution\output\libraries\SrcWrapper\stm32\timer.c.o
 *fill*         0x08003ff1        0x3 
 .rodata.PinMap_DAC
                0x08003ff4       0x24 c:\Users\luan\Documents\Laim_iotsolution\output\core\PeripheralPins.c.o
                0x08003ff4                PinMap_DAC
 .rodata.PinMap_PWM
                0x08004018      0x108 c:\Users\luan\Documents\Laim_iotsolution\output\core\PeripheralPins.c.o
                0x08004018                PinMap_PWM
 .rodata.PinMap_UART_RX
                0x08004120       0xa8 c:\Users\luan\Documents\Laim_iotsolution\output\core\PeripheralPins.c.o
                0x08004120                PinMap_UART_RX
 .rodata.PinMap_UART_TX
                0x080041c8       0x9c c:\Users\luan\Documents\Laim_iotsolution\output\core\PeripheralPins.c.o
                0x080041c8                PinMap_UART_TX
 .rodata.SystemClock_Config.str1.1
                0x08004264       0x6e c:\Users\luan\Documents\Laim_iotsolution\output\core\variant.cpp.o
 *fill*         0x080042d2        0x2 
 .rodata.analogInputPin
                0x080042d4       0x30 c:\Users\luan\Documents\Laim_iotsolution\output\core\variant.cpp.o
                0x080042d4                analogInputPin
 .rodata.digitalPin
                0x08004304       0x68 c:\Users\luan\Documents\Laim_iotsolution\output\core\variant.cpp.o
                0x08004304                digitalPin
 .rodata.pinMode.str1.1
                0x0800436c       0x6a c:\Users\luan\Documents\Laim_iotsolution\output\core\core.a(wiring_digital.c.o)
 .rodata._ZN14HardwareSerial5beginEmh.str1.1
                0x080043d6       0x6c c:\Users\luan\Documents\Laim_iotsolution\output\core\core.a(HardwareSerial.cpp.o)
 .rodata.CSWTCH.45
                0x08004442        0x5 c:\Users\luan\Documents\Laim_iotsolution\output\core\core.a(HardwareSerial.cpp.o)
 *fill*         0x08004447        0x1 
 .rodata.CSWTCH.46
                0x08004448        0xc c:\Users\luan\Documents\Laim_iotsolution\output\core\core.a(HardwareSerial.cpp.o)
 .rodata._ZTV14HardwareSerial
                0x08004454       0x28 c:\Users\luan\Documents\Laim_iotsolution\output\core\core.a(HardwareSerial.cpp.o)
                0x08004454                vtable for HardwareSerial
 .rodata._ZN13HardwareTimer12pauseChannelEm.str1.1
                0x0800447c       0x6b c:\Users\luan\Documents\Laim_iotsolution\output\core\core.a(HardwareTimer.cpp.o)
 *fill*         0x080044e7        0x1 
 .rodata.CSWTCH.72
                0x080044e8        0x8 c:\Users\luan\Documents\Laim_iotsolution\output\core\core.a(HardwareTimer.cpp.o)
 .rodata.CSWTCH.74
                0x080044f0        0x4 c:\Users\luan\Documents\Laim_iotsolution\output\core\core.a(HardwareTimer.cpp.o)
 .rodata.CSWTCH.76
                0x080044f4        0x4 c:\Users\luan\Documents\Laim_iotsolution\output\core\core.a(HardwareTimer.cpp.o)
 .rodata._ZN5Print7printlnEv.str1.1
                0x080044f8        0x3 c:\Users\luan\Documents\Laim_iotsolution\output\core\core.a(Print.cpp.o)
 *fill*         0x080044fb        0x1 
 .rodata.__sf_fake_stderr
                0x080044fc       0x20 c:/users/kosde/appdata/local/arduino15/packages/stm32/tools/xpack-arm-none-eabi-gcc/9.2.1-1.1/bin/../lib/gcc/arm-none-eabi/9.2.1/../../../../arm-none-eabi/lib/thumb/v6-m/nofp\libc_nano.a(lib_a-findfp.o)
                0x080044fc                __sf_fake_stderr
 .rodata.__sf_fake_stdin
                0x0800451c       0x20 c:/users/kosde/appdata/local/arduino15/packages/stm32/tools/xpack-arm-none-eabi-gcc/9.2.1-1.1/bin/../lib/gcc/arm-none-eabi/9.2.1/../../../../arm-none-eabi/lib/thumb/v6-m/nofp\libc_nano.a(lib_a-findfp.o)
                0x0800451c                __sf_fake_stdin
 .rodata.__sf_fake_stdout
                0x0800453c       0x20 c:/users/kosde/appdata/local/arduino15/packages/stm32/tools/xpack-arm-none-eabi-gcc/9.2.1-1.1/bin/../lib/gcc/arm-none-eabi/9.2.1/../../../../arm-none-eabi/lib/thumb/v6-m/nofp\libc_nano.a(lib_a-findfp.o)
                0x0800453c                __sf_fake_stdout
                0x0800455c                . = ALIGN (0x4)

.ARM.extab
 *(.ARM.extab* .gnu.linkonce.armextab.*)

.ARM            0x0800455c        0x8
                0x0800455c                __exidx_start = .
 *(.ARM.exidx*)
 .ARM.exidx.text.__udivmoddi4
                0x0800455c        0x8 c:/users/kosde/appdata/local/arduino15/packages/stm32/tools/xpack-arm-none-eabi-gcc/9.2.1-1.1/bin/../lib/gcc/arm-none-eabi/9.2.1/thumb/v6-m/nofp\libgcc.a(_udivmoddi4.o)
                0x08004564                __exidx_end = .

.rel.dyn        0x08004564        0x0
 .rel.iplt      0x08004564        0x0 c:/users/kosde/appdata/local/arduino15/packages/stm32/tools/xpack-arm-none-eabi-gcc/9.2.1-1.1/bin/../lib/gcc/arm-none-eabi/9.2.1/thumb/v6-m/nofp/crtbegin.o

.preinit_array  0x08004564        0x0
                0x08004564                PROVIDE (__preinit_array_start = .)
 *(.preinit_array*)
                0x08004564                PROVIDE (__preinit_array_end = .)

.init_array     0x08004564       0x18
                0x08004564                PROVIDE (__init_array_start = .)
 *(SORT_BY_NAME(.init_array.*))
 .init_array.00101
                0x08004564        0x4 c:\Users\luan\Documents\Laim_iotsolution\output\core\core.a(main.cpp.o)
 *(.init_array*)
 .init_array    0x08004568        0x4 c:/users/kosde/appdata/local/arduino15/packages/stm32/tools/xpack-arm-none-eabi-gcc/9.2.1-1.1/bin/../lib/gcc/arm-none-eabi/9.2.1/thumb/v6-m/nofp/crtbegin.o
 .init_array    0x0800456c        0x4 c:\Users\luan\Documents\Laim_iotsolution\output\sketch\stm32_dragino.ino.cpp.o
 .init_array    0x08004570        0x4 c:\Users\luan\Documents\Laim_iotsolution\output\libraries\SoftwareSerial\SoftwareSerial.cpp.o
 .init_array    0x08004574        0x4 c:\Users\luan\Documents\Laim_iotsolution\output\libraries\SrcWrapper\stm32\interrupt.cpp.o
 .init_array    0x08004578        0x4 c:\Users\luan\Documents\Laim_iotsolution\output\core\core.a(HardwareSerial.cpp.o)
                0x0800457c                PROVIDE (__init_array_end = .)

.fini_array     0x0800457c       0x10
                [!provide]                PROVIDE (__fini_array_start = .)
 *(SORT_BY_NAME(.fini_array.*))
 *(.fini_array*)
 .fini_array    0x0800457c        0x4 c:/users/kosde/appdata/local/arduino15/packages/stm32/tools/xpack-arm-none-eabi-gcc/9.2.1-1.1/bin/../lib/gcc/arm-none-eabi/9.2.1/thumb/v6-m/nofp/crtbegin.o
 .fini_array    0x08004580        0x4 c:\Users\luan\Documents\Laim_iotsolution\output\sketch\stm32_dragino.ino.cpp.o
 .fini_array    0x08004584        0x4 c:\Users\luan\Documents\Laim_iotsolution\output\libraries\SoftwareSerial\SoftwareSerial.cpp.o
 .fini_array    0x08004588        0x4 c:\Users\luan\Documents\Laim_iotsolution\output\libraries\SrcWrapper\stm32\interrupt.cpp.o
                [!provide]                PROVIDE (__fini_array_end = .)
                0x0800458c                _sidata = LOADADDR (.data)

.data           0x20000000       0x88 load address 0x0800458c
                0x20000000                . = ALIGN (0x4)
                0x20000000                _sdata = .
 *(.data)
 *(.data*)
 .data._ZN14SoftwareSerial10rx_bit_cntE
                0x20000000        0x4 c:\Users\luan\Documents\Laim_iotsolution\output\libraries\SoftwareSerial\SoftwareSerial.cpp.o
                0x20000000                SoftwareSerial::rx_bit_cnt
 .data.heap_end.7175
                0x20000004        0x4 c:\Users\luan\Documents\Laim_iotsolution\output\libraries\SrcWrapper\syscalls.c.o
 .data.GPIOPort
                0x20000008       0x18 c:\Users\luan\Documents\Laim_iotsolution\output\libraries\SrcWrapper\stm32\PortNames.c.o
                0x20000008                GPIOPort
 .data.SystemCoreClock
                0x20000020        0x4 c:\Users\luan\Documents\Laim_iotsolution\output\libraries\SrcWrapper\stm32\system_stm32yyxx.c.o
                0x20000020                SystemCoreClock
 .data._impure_ptr
                0x20000024        0x4 c:/users/kosde/appdata/local/arduino15/packages/stm32/tools/xpack-arm-none-eabi-gcc/9.2.1-1.1/bin/../lib/gcc/arm-none-eabi/9.2.1/../../../../arm-none-eabi/lib/thumb/v6-m/nofp\libc_nano.a(lib_a-impure.o)
                0x20000024                _impure_ptr
 .data.impure_data
                0x20000028       0x60 c:/users/kosde/appdata/local/arduino15/packages/stm32/tools/xpack-arm-none-eabi-gcc/9.2.1-1.1/bin/../lib/gcc/arm-none-eabi/9.2.1/../../../../arm-none-eabi/lib/thumb/v6-m/nofp\libc_nano.a(lib_a-impure.o)
                0x20000088                . = ALIGN (0x4)
                0x20000088                _edata = .

.igot.plt       0x20000088        0x0 load address 0x08004614
 .igot.plt      0x20000088        0x0 c:/users/kosde/appdata/local/arduino15/packages/stm32/tools/xpack-arm-none-eabi-gcc/9.2.1-1.1/bin/../lib/gcc/arm-none-eabi/9.2.1/thumb/v6-m/nofp/crtbegin.o
                0x20000088                . = ALIGN (0x4)

.bss            0x20000088      0x45c load address 0x08004614
                0x20000088                _sbss = .
                0x20000088                __bss_start__ = _sbss
 *(.bss)
 *(.bss*)
 .bss.completed.8911
                0x20000088        0x1 c:/users/kosde/appdata/local/arduino15/packages/stm32/tools/xpack-arm-none-eabi-gcc/9.2.1-1.1/bin/../lib/gcc/arm-none-eabi/9.2.1/thumb/v6-m/nofp/crtbegin.o
 *fill*         0x20000089        0x3 
 .bss.object.8916
                0x2000008c       0x18 c:/users/kosde/appdata/local/arduino15/packages/stm32/tools/xpack-arm-none-eabi-gcc/9.2.1-1.1/bin/../lib/gcc/arm-none-eabi/9.2.1/thumb/v6-m/nofp/crtbegin.o
 .bss.mySerial  0x200000a4       0x70 c:\Users\luan\Documents\Laim_iotsolution\output\sketch\stm32_dragino.ino.cpp.o
                0x200000a4                mySerial
 .bss._ZN14SoftwareSerial10active_outE
                0x20000114        0x4 c:\Users\luan\Documents\Laim_iotsolution\output\libraries\SoftwareSerial\SoftwareSerial.cpp.o
                0x20000114                SoftwareSerial::active_out
 .bss._ZN14SoftwareSerial10tx_bit_cntE
                0x20000118        0x4 c:\Users\luan\Documents\Laim_iotsolution\output\libraries\SoftwareSerial\SoftwareSerial.cpp.o
                0x20000118                SoftwareSerial::tx_bit_cnt
 .bss._ZN14SoftwareSerial11rx_tick_cntE
                0x2000011c        0x4 c:\Users\luan\Documents\Laim_iotsolution\output\libraries\SoftwareSerial\SoftwareSerial.cpp.o
                0x2000011c                SoftwareSerial::rx_tick_cnt
 .bss._ZN14SoftwareSerial11tx_tick_cntE
                0x20000120        0x4 c:\Users\luan\Documents\Laim_iotsolution\output\libraries\SoftwareSerial\SoftwareSerial.cpp.o
                0x20000120                SoftwareSerial::tx_tick_cnt
 .bss._ZN14SoftwareSerial15active_listenerE
                0x20000124        0x4 c:\Users\luan\Documents\Laim_iotsolution\output\libraries\SoftwareSerial\SoftwareSerial.cpp.o
                0x20000124                SoftwareSerial::active_listener
 .bss._ZN14SoftwareSerial5timerE
                0x20000128       0xa0 c:\Users\luan\Documents\Laim_iotsolution\output\libraries\SoftwareSerial\SoftwareSerial.cpp.o
                0x20000128                SoftwareSerial::timer
 .bss._ZN14SoftwareSerial9active_inE
                0x200001c8        0x4 c:\Users\luan\Documents\Laim_iotsolution\output\libraries\SoftwareSerial\SoftwareSerial.cpp.o
                0x200001c8                SoftwareSerial::active_in
 .bss._ZN14SoftwareSerial9cur_speedE
                0x200001cc        0x4 c:\Users\luan\Documents\Laim_iotsolution\output\libraries\SoftwareSerial\SoftwareSerial.cpp.o
                0x200001cc                SoftwareSerial::cur_speed
 .bss._ZN14SoftwareSerial9rx_bufferE
                0x200001d0        0x4 c:\Users\luan\Documents\Laim_iotsolution\output\libraries\SoftwareSerial\SoftwareSerial.cpp.o
                0x200001d0                SoftwareSerial::rx_buffer
 .bss._ZN14SoftwareSerial9tx_bufferE
                0x200001d4        0x4 c:\Users\luan\Documents\Laim_iotsolution\output\libraries\SoftwareSerial\SoftwareSerial.cpp.o
                0x200001d4                SoftwareSerial::tx_buffer
 .bss.RTCUserCallback
                0x200001d8        0x4 c:\Users\luan\Documents\Laim_iotsolution\output\libraries\SrcWrapper\stm32\rtc.c.o
 .bss.RtcHandle
                0x200001dc       0x24 c:\Users\luan\Documents\Laim_iotsolution\output\libraries\SrcWrapper\stm32\rtc.c.o
 .bss.callbackUserData
                0x20000200        0x4 c:\Users\luan\Documents\Laim_iotsolution\output\libraries\SrcWrapper\stm32\rtc.c.o
 .bss.uart_handlers
                0x20000204       0x14 c:\Users\luan\Documents\Laim_iotsolution\output\libraries\SrcWrapper\stm32\uart.c.o
 .bss._ZL13gpio_irq_conf
                0x20000218      0x140 c:\Users\luan\Documents\Laim_iotsolution\output\libraries\SrcWrapper\stm32\interrupt.cpp.o
 .bss.Serial2   0x20000358      0x140 c:\Users\luan\Documents\Laim_iotsolution\output\core\core.a(HardwareSerial.cpp.o)
                0x20000358                Serial2
 .bss.HardwareTimer_Handle
                0x20000498       0x18 c:\Users\luan\Documents\Laim_iotsolution\output\core\core.a(HardwareTimer.cpp.o)
                0x20000498                HardwareTimer_Handle
 .bss.g_anOutputPinConfigured
                0x200004b0       0x18 c:\Users\luan\Documents\Laim_iotsolution\output\core\core.a(wiring_analog.c.o)
                0x200004b0                g_anOutputPinConfigured
 .bss.__malloc_free_list
                0x200004c8        0x4 c:/users/kosde/appdata/local/arduino15/packages/stm32/tools/xpack-arm-none-eabi-gcc/9.2.1-1.1/bin/../lib/gcc/arm-none-eabi/9.2.1/../../../../arm-none-eabi/lib/thumb/v6-m/nofp\libc_nano.a(lib_a-nano-mallocr.o)
                0x200004c8                __malloc_free_list
 .bss.__malloc_sbrk_start
                0x200004cc        0x4 c:/users/kosde/appdata/local/arduino15/packages/stm32/tools/xpack-arm-none-eabi-gcc/9.2.1-1.1/bin/../lib/gcc/arm-none-eabi/9.2.1/../../../../arm-none-eabi/lib/thumb/v6-m/nofp\libc_nano.a(lib_a-nano-mallocr.o)
                0x200004cc                __malloc_sbrk_start
 *(COMMON)
 COMMON         0x200004d0        0x4 c:\Users\luan\Documents\Laim_iotsolution\output\libraries\SrcWrapper\HAL\stm32yyxx_hal.c.o
                0x200004d0                uwTick
 COMMON         0x200004d4        0x4 c:/users/kosde/appdata/local/arduino15/packages/stm32/tools/xpack-arm-none-eabi-gcc/9.2.1-1.1/bin/../lib/gcc/arm-none-eabi/9.2.1/../../../../arm-none-eabi/lib/thumb/v6-m/nofp\libc_nano.a(lib_a-reent.o)
                0x200004d4                errno
 COMMON         0x200004d8        0x9 c:/users/kosde/appdata/local/arduino15/packages/stm32/tools/xpack-arm-none-eabi-gcc/9.2.1-1.1/bin/../lib/gcc/arm-none-eabi/9.2.1/../../../../arm-none-eabi/lib/thumb/v6-m/nofp\libc_nano.a(lib_a-lock.o)
                0x200004d8                __lock___atexit_recursive_mutex
                0x200004d9                __lock___arc4random_mutex
                0x200004da                __lock___env_recursive_mutex
                0x200004db                __lock___sinit_recursive_mutex
                0x200004dc                __lock___malloc_recursive_mutex
                0x200004dd                __lock___at_quick_exit_mutex
                0x200004de                __lock___dd_hash_mutex
                0x200004df                __lock___tz_mutex
                0x200004e0                __lock___sfp_recursive_mutex
                0x200004e4                . = ALIGN (0x4)
 *fill*         0x200004e1        0x3 
                0x200004e4                _ebss = .
                0x200004e4                __bss_end__ = _ebss
LOAD c:/users/kosde/appdata/local/arduino15/packages/stm32/tools/xpack-arm-none-eabi-gcc/9.2.1-1.1/bin/../lib/gcc/arm-none-eabi/9.2.1/thumb/v6-m/nofp/crti.o
LOAD c:/users/kosde/appdata/local/arduino15/packages/stm32/tools/xpack-arm-none-eabi-gcc/9.2.1-1.1/bin/../lib/gcc/arm-none-eabi/9.2.1/thumb/v6-m/nofp/crtbegin.o
LOAD c:/users/kosde/appdata/local/arduino15/packages/stm32/tools/xpack-arm-none-eabi-gcc/9.2.1-1.1/bin/../lib/gcc/arm-none-eabi/9.2.1/../../../../arm-none-eabi/lib/thumb/v6-m/nofp/crt0.o
                0x00000000                LD_FLASH_OFFSET = 0x0
                0x00030000                LD_MAX_SIZE = 0x30000
                0x00005000                LD_MAX_DATA_SIZE = 0x5000

.noinit         0x200004e4        0x0
                0x200004e4                . = ALIGN (0x4)
                0x200004e4                _snoinit = .
 *(.noinit)
 *(.noinit*)
                0x200004e4                . = ALIGN (0x4)
                0x200004e4                _enoinit = .

._user_heap_stack
                0x200004e4      0x604
                0x200004e8                . = ALIGN (0x8)
 *fill*         0x200004e4        0x4 
                [!provide]                PROVIDE (end = .)
                0x200004e8                PROVIDE (_end = .)
                0x200006e8                . = (. + _Min_Heap_Size)
 *fill*         0x200004e8      0x200 
                0x20000ae8                . = (. + _Min_Stack_Size)
 *fill*         0x200006e8      0x400 
                0x20000ae8                . = ALIGN (0x8)

/DISCARD/